Component: ARM Compiler 5.06 update 6 (build 750) Tool: armlink [4d35ed]

==============================================================================

Section Cross References

    main.o(i.MX_GPIO_Init) refers to memseta.o(.text) for __aeabi_memclr4
    main.o(i.MX_GPIO_Init) refers to stm32l4xx_hal_gpio.o(i.HAL_GPIO_WritePin) for HAL_GPIO_WritePin
    main.o(i.MX_GPIO_Init) refers to stm32l4xx_hal_gpio.o(i.HAL_GPIO_Init) for HAL_GPIO_Init
    main.o(i.MX_TIM2_Init) refers to stm32l4xx_hal_tim.o(i.HAL_TIM_IC_Init) for HAL_TIM_IC_Init
    main.o(i.MX_TIM2_Init) refers to stm32l4xx_hal_tim_ex.o(i.HAL_TIMEx_MasterConfigSynchronization) for HAL_TIMEx_MasterConfigSynchronization
    main.o(i.MX_TIM2_Init) refers to stm32l4xx_hal_tim.o(i.HAL_TIM_IC_ConfigChannel) for HAL_TIM_IC_ConfigChannel
    main.o(i.MX_TIM2_Init) refers to main.o(.bss) for .bss
    main.o(i.SystemClock_Config) refers to memseta.o(.text) for __aeabi_memclr4
    main.o(i.SystemClock_Config) refers to stm32l4xx_hal_rcc.o(i.HAL_RCC_OscConfig) for HAL_RCC_OscConfig
    main.o(i.SystemClock_Config) refers to stm32l4xx_hal_rcc.o(i.HAL_RCC_ClockConfig) for HAL_RCC_ClockConfig
    main.o(i.SystemClock_Config) refers to stm32l4xx_hal_rcc_ex.o(i.HAL_RCCEx_PeriphCLKConfig) for HAL_RCCEx_PeriphCLKConfig
    main.o(i.SystemClock_Config) refers to stm32l4xx_hal_pwr_ex.o(i.HAL_PWREx_ControlVoltageScaling) for HAL_PWREx_ControlVoltageScaling
    main.o(i.SystemClock_Config) refers to stm32l4xx_hal_rcc_ex.o(i.HAL_RCCEx_EnableMSIPLLMode) for HAL_RCCEx_EnableMSIPLLMode
    main.o(i.main) refers to stm32l4xx_hal.o(i.HAL_Init) for HAL_Init
    main.o(i.main) refers to main.o(i.SystemClock_Config) for SystemClock_Config
    main.o(i.main) refers to main.o(i.MX_GPIO_Init) for MX_GPIO_Init
    main.o(i.main) refers to main.o(i.MX_TIM2_Init) for MX_TIM2_Init
    main.o(i.main) refers to stm32l4xx_hal_uart.o(i.HAL_UART_Init) for HAL_UART_Init
    main.o(i.main) refers to rtx_kernel.o(i.osKernelInitialize) for osKernelInitialize
    main.o(i.main) refers to rtx_thread.o(i.osThreadNew) for osThreadNew
    main.o(i.main) refers to rtx_kernel.o(i.osKernelStart) for osKernelStart
    main.o(i.main) refers to main.o(.bss) for .bss
    main.o(i.main) refers to main.o(i.app_main) for app_main
    stm32l4xx_hal_msp.o(i.HAL_TIM_IC_MspDeInit) refers to stm32l4xx_hal_gpio.o(i.HAL_GPIO_DeInit) for HAL_GPIO_DeInit
    stm32l4xx_hal_msp.o(i.HAL_TIM_IC_MspInit) refers to memseta.o(.text) for __aeabi_memclr4
    stm32l4xx_hal_msp.o(i.HAL_TIM_IC_MspInit) refers to stm32l4xx_hal_gpio.o(i.HAL_GPIO_Init) for HAL_GPIO_Init
    stm32l4xx_hal_msp.o(i.HAL_UART_MspDeInit) refers to stm32l4xx_hal_gpio.o(i.HAL_GPIO_DeInit) for HAL_GPIO_DeInit
    stm32l4xx_hal_msp.o(i.HAL_UART_MspInit) refers to memseta.o(.text) for __aeabi_memclr4
    stm32l4xx_hal_msp.o(i.HAL_UART_MspInit) refers to stm32l4xx_hal_gpio.o(i.HAL_GPIO_Init) for HAL_GPIO_Init
    stm32l4xx_hal_tim.o(i.HAL_TIM_Base_DeInit) refers to stm32l4xx_hal_tim.o(i.HAL_TIM_Base_MspDeInit) for HAL_TIM_Base_MspDeInit
    stm32l4xx_hal_tim.o(i.HAL_TIM_Base_Init) refers to stm32l4xx_hal_tim.o(i.HAL_TIM_Base_MspInit) for HAL_TIM_Base_MspInit
    stm32l4xx_hal_tim.o(i.HAL_TIM_Base_Init) refers to stm32l4xx_hal_tim.o(i.TIM_Base_SetConfig) for TIM_Base_SetConfig
    stm32l4xx_hal_tim.o(i.HAL_TIM_Base_Start_DMA) refers to stm32l4xx_hal_dma.o(i.HAL_DMA_Start_IT) for HAL_DMA_Start_IT
    stm32l4xx_hal_tim.o(i.HAL_TIM_Base_Start_DMA) refers to stm32l4xx_hal_tim.o(i.TIM_DMAPeriodElapsedCplt) for TIM_DMAPeriodElapsedCplt
    stm32l4xx_hal_tim.o(i.HAL_TIM_Base_Start_DMA) refers to stm32l4xx_hal_tim.o(i.TIM_DMAPeriodElapsedHalfCplt) for TIM_DMAPeriodElapsedHalfCplt
    stm32l4xx_hal_tim.o(i.HAL_TIM_Base_Start_DMA) refers to stm32l4xx_hal_tim.o(i.TIM_DMAError) for TIM_DMAError
    stm32l4xx_hal_tim.o(i.HAL_TIM_Base_Stop_DMA) refers to stm32l4xx_hal_dma.o(i.HAL_DMA_Abort_IT) for HAL_DMA_Abort_IT
    stm32l4xx_hal_tim.o(i.HAL_TIM_ConfigClockSource) refers to stm32l4xx_hal_tim.o(i.TIM_ETR_SetConfig) for TIM_ETR_SetConfig
    stm32l4xx_hal_tim.o(i.HAL_TIM_ConfigClockSource) refers to stm32l4xx_hal_tim.o(i.TIM_TI1_ConfigInputStage) for TIM_TI1_ConfigInputStage
    stm32l4xx_hal_tim.o(i.HAL_TIM_ConfigClockSource) refers to stm32l4xx_hal_tim.o(i.TIM_TI2_ConfigInputStage) for TIM_TI2_ConfigInputStage
    stm32l4xx_hal_tim.o(i.HAL_TIM_ConfigClockSource) refers to stm32l4xx_hal_tim.o(i.TIM_ITRx_SetConfig) for TIM_ITRx_SetConfig
    stm32l4xx_hal_tim.o(i.HAL_TIM_ConfigOCrefClear) refers to stm32l4xx_hal_tim.o(i.TIM_ETR_SetConfig) for TIM_ETR_SetConfig
    stm32l4xx_hal_tim.o(i.HAL_TIM_DMABurst_ReadStart) refers to stm32l4xx_hal_dma.o(i.HAL_DMA_Start_IT) for HAL_DMA_Start_IT
    stm32l4xx_hal_tim.o(i.HAL_TIM_DMABurst_ReadStart) refers to stm32l4xx_hal_tim.o(i.TIM_DMAError) for TIM_DMAError
    stm32l4xx_hal_tim.o(i.HAL_TIM_DMABurst_ReadStart) refers to stm32l4xx_hal_tim.o(i.TIM_DMACaptureCplt) for TIM_DMACaptureCplt
[...]
    .emb_text                                0x080002e8   Section      328  rtx_msgqueue.o(.emb_text)
    $v0                                      0x080002e8   Number         0  rtx_msgqueue.o(.emb_text)
    .emb_text                                0x08000430   Section      328  rtx_system.o(.emb_text)
    $v0                                      0x08000430   Number         0  rtx_system.o(.emb_text)
    .emb_text                                0x08000578   Section      328  rtx_thread.o(.emb_text)
    $v0                                      0x08000578   Number         0  rtx_thread.o(.emb_text)
    .emb_text                                0x080006c0   Section      116  eventrecorder.o(.emb_text)
    $v0                                      0x080006c0   Number         0  eventrecorder.o(.emb_text)
    .text                                    0x08000734   Section      196  irq_cm4f.o(.text)
    $v0                                      0x08000734   Number         0  irq_cm4f.o(.text)
    .text                                    0x08000804   Section       36  startup_stm32l432xx_1.o(.text)
    $v0                                      0x08000804   Number         0  startup_stm32l432xx_1.o(.text)
    .text                                    0x08000828   Section        0  uldiv.o(.text)
    .text                                    0x08000890   Section        0  memcpya.o(.text)
    .text                                    0x080008b4   Section        0  memseta.o(.text)
    .text                                    0x080008d8   Section        0  llshl.o(.text)
    .text                                    0x080008f6   Section        0  llushr.o(.text)
    .text                                    0x08000918   Section       36  init.o(.text)
    .text                                    0x0800093c   Section        0  __dczerorl.o(.text)
    i.EventCheckFilter                       0x08000978   Section        0  eventrecorder.o(i.EventCheckFilter)
    EventCheckFilter                         0x08000979   Thumb Code    32  eventrecorder.o(i.EventCheckFilter)
    i.EventGetTS                             0x0800099c   Section        0  eventrecorder.o(i.EventGetTS)
    EventGetTS                               0x0800099d   Thumb Code    48  eventrecorder.o(i.EventGetTS)
    i.EventRecord2                           0x080009d0   Section        0  eventrecorder.o(i.EventRecord2)
    i.EventRecord4                           0x08000a08   Section        0  eventrecorder.o(i.EventRecord4)
    i.EventRecordItem                        0x08000a78   Section        0  eventrecorder.o(i.EventRecordItem)
    EventRecordItem                          0x08000a79   Thumb Code   162  eventrecorder.o(i.EventRecordItem)
    i.EventRecorderEnable                    0x08000b2c   Section        0  eventrecorder.o(i.EventRecorderEnable)
    i.EventRecorderInitialize                0x08000b88   Section        0  eventrecorder.o(i.EventRecorderInitialize)
    i.EventRecorderStart                     0x08000c94   Section        0  eventrecorder.o(i.EventRecorderStart)
    i.EventRecorderTimerGetCount             0x08000cc0   Section        0  eventrecorder.o(i.EventRecorderTimerGetCount)
    i.EventRecorderTimerGetFreq              0x08000ccc   Section        0  eventrecorder.o(i.EventRecorderTimerGetFreq)
    i.EventRecorderTimerSetup                0x08000cd8   Section        0  eventrecorder.o(i.EventRecorderTimerSetup)
    i.EvrRtxDelayCompleted                   0x08000cf8   Section        0  rtx_evr.o(i.EvrRtxDelayCompleted)
    i.EvrRtxEventFlagsWaitTimeout            0x08000d08   Section        0  rtx_evr.o(i.EvrRtxEventFlagsWaitTimeout)
    i.EvrRtxKernelError                      0x08000d18   Section        0  rtx_evr.o(i.EvrRtxKernelError)
    i.EvrRtxKernelInitialize                 0x08000d24   Section        0  rtx_evr.o(i.EvrRtxKernelInitialize)
    i.EvrRtxKernelInitialized                0x08000d34   Section        0  rtx_evr.o(i.EvrRtxKernelInitialized)
    i.EvrRtxKernelStart                      0x08000d44   Section        0  rtx_evr.o(i.EvrRtxKernelStart)
    i.EvrRtxKernelStarted                    0x08000d54   Section        0  rtx_evr.o(i.EvrRtxKernelStarted)
    i.EvrRtxMemoryAlloc                      0x08000d64   Section        0  rtx_evr.o(i.EvrRtxMemoryAlloc)
    i.EvrRtxMemoryBlockAlloc                 0x08000d7c   Section        0  rtx_evr.o(i.EvrRtxMemoryBlockAlloc)
    i.EvrRtxMemoryBlockFree                  0x08000d8c   Section        0  rtx_evr.o(i.EvrRtxMemoryBlockFree)
    i.EvrRtxMemoryBlockInit                  0x08000da4   Section        0  rtx_evr.o(i.EvrRtxMemoryBlockInit)
    i.EvrRtxMemoryFree                       0x08000dbc   Section        0  rtx_evr.o(i.EvrRtxMemoryFree)
    i.EvrRtxMemoryInit                       0x08000dd4   Section        0  rtx_evr.o(i.EvrRtxMemoryInit)
    i.EvrRtxMemoryPoolAllocTimeout           0x08000dec   Section        0  rtx_evr.o(i.EvrRtxMemoryPoolAllocTimeout)
    i.EvrRtxMessageQueueCreated              0x08000dfc   Section        0  rtx_evr.o(i.EvrRtxMessageQueueCreated)
    i.EvrRtxMessageQueueError                0x08000e0c   Section        0  rtx_evr.o(i.EvrRtxMessageQueueError)
    i.EvrRtxMessageQueueGet                  0x08000e18   Section        0  rtx_evr.o(i.EvrRtxMessageQueueGet)
    i.EvrRtxMessageQueueGetPending           0x08000e30   Section        0  rtx_evr.o(i.EvrRtxMessageQueueGetPending)
    i.EvrRtxMessageQueueGetTimeout           0x08000e48   Section        0  rtx_evr.o(i.EvrRtxMessageQueueGetTimeout)
    i.EvrRtxMessageQueueInsertPending        0x08000e58   Section        0  rtx_evr.o(i.EvrRtxMessageQueueInsertPending)
    i.EvrRtxMessageQueueInserted             0x08000e68   Section        0  rtx_evr.o(i.EvrRtxMessageQueueInserted)
    i.EvrRtxMessageQueueNew                  0x08000e78   Section        0  rtx_evr.o(i.EvrRtxMessageQueueNew)
    i.EvrRtxMessageQueueNotInserted          0x08000e90   Section        0  rtx_evr.o(i.EvrRtxMessageQueueNotInserted)
    i.EvrRtxMessageQueueNotRetrieved         0x08000ea0   Section        0  rtx_evr.o(i.EvrRtxMessageQueueNotRetrieved)
    i.EvrRtxMessageQueuePut                  0x08000eb0   Section        0  rtx_evr.o(i.EvrRtxMessageQueuePut)
    i.EvrRtxMessageQueuePutPending           0x08000ec8   Section        0  rtx_evr.o(i.EvrRtxMessageQueuePutPending)
    i.EvrRtxMessageQueuePutTimeout           0x08000ee0   Section        0  rtx_evr.o(i.EvrRtxMessageQueuePutTimeout)
    i.EvrRtxMessageQueueRetrieved            0x08000ef0   Section        0  rtx_evr.o(i.EvrRtxMessageQueueRetrieved)
    i.EvrRtxMutexAcquireTimeout              0x08000f00   Section        0  rtx_evr.o(i.EvrRtxMutexAcquireTimeout)
    i.EvrRtxMutexAcquired                    0x08000f10   Section        0  rtx_evr.o(i.EvrRtxMutexAcquired)
    i.EvrRtxMutexReleased                    0x08000f20   Section        0  rtx_evr.o(i.EvrRtxMutexReleased)
    i.EvrRtxSemaphoreAcquireTimeout          0x08000f30   Section        0  rtx_evr.o(i.EvrRtxSemaphoreAcquireTimeout)
    i.EvrRtxThreadBlocked                    0x08000f40   Section        0  rtx_evr.o(i.EvrRtxThreadBlocked)
    i.EvrRtxThreadCreated                    0x08000f50   Section        0  rtx_evr.o(i.EvrRtxThreadCreated)
    i.EvrRtxThreadDestroyed                  0x08000f68   Section        0  rtx_evr.o(i.EvrRtxThreadDestroyed)
    i.EvrRtxThreadError                      0x08000f78   Section        0  rtx_evr.o(i.EvrRtxThreadError)
    i.EvrRtxThreadExit                       0x08000f84   Section        0  rtx_evr.o(i.EvrRtxThreadExit)
    i.EvrRtxThreadFlagsWaitCompleted         0x08000f94   Section        0  rtx_evr.o(i.EvrRtxThreadFlagsWaitCompleted)
    i.EvrRtxThreadFlagsWaitTimeout           0x08000fac   Section        0  rtx_evr.o(i.EvrRtxThreadFlagsWaitTimeout)
    i.EvrRtxThreadJoined                     0x08000fbc   Section        0  rtx_evr.o(i.EvrRtxThreadJoined)
    i.EvrRtxThreadNew                        0x08000fcc   Section        0  rtx_evr.o(i.EvrRtxThreadNew)
    i.EvrRtxThreadPreempted                  0x08000fe4   Section        0  rtx_evr.o(i.EvrRtxThreadPreempted)
    i.EvrRtxThreadSwitched                   0x08000ff4   Section        0  rtx_evr.o(i.EvrRtxThreadSwitched)
    i.EvrRtxThreadUnblocked                  0x08001004   Section        0  rtx_evr.o(i.EvrRtxThreadUnblocked)
    i.EvrRtxTimerCallback                    0x08001014   Section        0  rtx_evr.o(i.EvrRtxTimerCallback)
    i.HAL_GPIO_Init                          0x08001024   Section        0  stm32l4xx_hal_gpio.o(i.HAL_GPIO_Init)
    i.HAL_GPIO_WritePin                      0x080011b6   Section        0  stm32l4xx_hal_gpio.o(i.HAL_GPIO_WritePin)
    i.HAL_GetTick                            0x080011c0   Section        0  stm32l4xx_hal.o(i.HAL_GetTick)
    i.HAL_Init                               0x080011cc   Section        0  stm32l4xx_hal.o(i.HAL_Init)
    i.HAL_InitTick                           0x080011ec   Section        0  stm32l4xx_hal.o(i.HAL_InitTick)
    i.HAL_MspInit                            0x08001230   Section        0  stm32l4xx_hal_msp.o(i.HAL_MspInit)
    i.HAL_NVIC_SetPriority                   0x0800125c   Section        0  stm32l4xx_hal_cortex.o(i.HAL_NVIC_SetPriority)
    i.HAL_NVIC_SetPriorityGrouping           0x0800129c   Section        0  stm32l4xx_hal_cortex.o(i.HAL_NVIC_SetPriorityGrouping)
    i.HAL_PWREx_ControlVoltageScaling        0x080012c0   Section        0  stm32l4xx_hal_pwr_ex.o(i.HAL_PWREx_ControlVoltageScaling)
    i.HAL_PWREx_GetVoltageRange              0x08001328   Section        0  stm32l4xx_hal_pwr_ex.o(i.HAL_PWREx_GetVoltageRange)
    i.HAL_RCCEx_EnableMSIPLLMode             0x08001338   Section        0  stm32l4xx_hal_rcc_ex.o(i.HAL_RCCEx_EnableMSIPLLMode)
    i.HAL_RCCEx_PeriphCLKConfig              0x08001348   Section        0  stm32l4xx_hal_rcc_ex.o(i.HAL_RCCEx_PeriphCLKConfig)
    i.HAL_RCC_ClockConfig                    0x080015d4   Section        0  stm32l4xx_hal_rcc.o(i.HAL_RCC_ClockConfig)
    i.HAL_RCC_GetPCLK1Freq                   0x080016f4   Section        0  stm32l4xx_hal_rcc.o(i.HAL_RCC_GetPCLK1Freq)
    i.HAL_RCC_GetPCLK2Freq                   0x08001718   Section        0  stm32l4xx_hal_rcc.o(i.HAL_RCC_GetPCLK2Freq)
    i.HAL_RCC_GetSysClockFreq                0x0800173c   Section        0  stm32l4xx_hal_rcc.o(i.HAL_RCC_GetSysClockFreq)
    i.HAL_RCC_OscConfig                      0x080017e0   Section        0  stm32l4xx_hal_rcc.o(i.HAL_RCC_OscConfig)
    i.HAL_SYSTICK_Config                     0x08001d04   Section        0  stm32l4xx_hal_cortex.o(i.HAL_SYSTICK_Config)
    i.HAL_TIMEx_MasterConfigSynchronization  0x08001d2c   Section        0  stm32l4xx_hal_tim_ex.o(i.HAL_TIMEx_MasterConfigSynchronization)
    i.HAL_TIM_IC_ConfigChannel               0x08001d84   Section        0  stm32l4xx_hal_tim.o(i.HAL_TIM_IC_ConfigChannel)
    i.HAL_TIM_IC_Init                        0x08001ea2   Section        0  stm32l4xx_hal_tim.o(i.HAL_TIM_IC_Init)
    i.HAL_TIM_IC_MspInit                     0x08001ed8   Section        0  stm32l4xx_hal_msp.o(i.HAL_TIM_IC_MspInit)
    i.HAL_UART_Init                          0x08001f34   Section        0  stm32l4xx_hal_uart.o(i.HAL_UART_Init)
    i.HAL_UART_MspInit                       0x08001f9c   Section        0  stm32l4xx_hal_msp.o(i.HAL_UART_MspInit)
    i.IsIrqMasked                            0x08002000   Section        0  rtx_kernel.o(i.IsIrqMasked)
    IsIrqMasked                              0x08002001   Thumb Code    18  rtx_kernel.o(i.IsIrqMasked)
    i.IsIrqMasked                            0x08002012   Section        0  rtx_msgqueue.o(i.IsIrqMasked)
    IsIrqMasked                              0x08002013   Thumb Code    18  rtx_msgqueue.o(i.IsIrqMasked)
    i.IsIrqMasked                            0x08002024   Section        0  rtx_thread.o(i.IsIrqMasked)
    IsIrqMasked                              0x08002025   Thumb Code    18  rtx_thread.o(i.IsIrqMasked)
    i.IsIrqMode                              0x08002036   Section        0  rtx_kernel.o(i.IsIrqMode)
    IsIrqMode                                0x08002037   Thumb Code    12  rtx_kernel.o(i.IsIrqMode)
    i.IsIrqMode                              0x08002042   Section        0  rtx_msgqueue.o(i.IsIrqMode)
    IsIrqMode                                0x08002043   Thumb Code    12  rtx_msgqueue.o(i.IsIrqMode)
    i.IsIrqMode                              0x0800204e   Section        0  rtx_thread.o(i.IsIrqMode)
    IsIrqMode                                0x0800204f   Thumb Code    12  rtx_thread.o(i.IsIrqMode)
    i.MX_GPIO_Init                           0x0800205c   Section        0  main.o(i.MX_GPIO_Init)
    MX_GPIO_Init                             0x0800205d   Thumb Code   130  main.o(i.MX_GPIO_Init)
    i.MX_TIM2_Init                           0x080020e8   Section        0  main.o(i.MX_TIM2_Init)
    MX_TIM2_Init                             0x080020e9   Thumb Code    78  main.o(i.MX_TIM2_Init)
    i.MessageQueueGet                        0x0800213c   Section        0  rtx_msgqueue.o(i.MessageQueueGet)
    MessageQueueGet                          0x0800213d   Thumb Code    40  rtx_msgqueue.o(i.MessageQueueGet)
    i.MessageQueuePut                        0x08002164   Section        0  rtx_msgqueue.o(i.MessageQueuePut)
    MessageQueuePut                          0x08002165   Thumb Code    62  rtx_msgqueue.o(i.MessageQueuePut)
    i.MessageQueueRemove                     0x080021a2   Section        0  rtx_msgqueue.o(i.MessageQueueRemove)
    MessageQueueRemove                       0x080021a3   Thumb Code    28  rtx_msgqueue.o(i.MessageQueueRemove)
    i.OS_Tick_AcknowledgeIRQ                 0x080021be   Section        0  os_systick.o(i.OS_Tick_AcknowledgeIRQ)
    i.OS_Tick_Enable                         0x080021c8   Section        0  os_systick.o(i.OS_Tick_Enable)
    i.OS_Tick_GetIRQn                        0x080021f0   Section        0  os_systick.o(i.OS_Tick_GetIRQn)
    i.OS_Tick_Setup                          0x080021f8   Section        0  os_systick.o(i.OS_Tick_Setup)
    i.RCCEx_PLLSAI1_Config                   0x08002238   Section        0  stm32l4xx_hal_rcc_ex.o(i.RCCEx_PLLSAI1_Config)
    RCCEx_PLLSAI1_Config                     0x08002239   Thumb Code   278  stm32l4xx_hal_rcc_ex.o(i.RCCEx_PLLSAI1_Config)
    i.RCC_SetFlashLatencyFromMSIRange        0x08002364   Section        0  stm32l4xx_hal_rcc.o(i.RCC_SetFlashLatencyFromMSIRange)
    RCC_SetFlashLatencyFromMSIRange          0x08002365   Thumb Code   116  stm32l4xx_hal_rcc.o(i.RCC_SetFlashLatencyFromMSIRange)
    i.SystemClock_Config                     0x080023e0   Section        0  main.o(i.SystemClock_Config)
    i.SystemInit                             0x0800245c   Section        0  system_stm32l4xx.o(i.SystemInit)
    i.TIM_Base_SetConfig                     0x080024a0   Section        0  stm32l4xx_hal_tim.o(i.TIM_Base_SetConfig)
    i.TIM_TI1_SetConfig                      0x0800250c   Section        0  stm32l4xx_hal_tim.o(i.TIM_TI1_SetConfig)
    i.TIM_TI2_SetConfig                      0x0800255c   Section        0  stm32l4xx_hal_tim.o(i.TIM_TI2_SetConfig)
    TIM_TI2_SetConfig                        0x0800255d   Thumb Code    54  stm32l4xx_hal_tim.o(i.TIM_TI2_SetConfig)
    i.ThreadFlagsCheck                       0x08002592   Section        0  rtx_thread.o(i.ThreadFlagsCheck)
    ThreadFlagsCheck                         0x08002593   Thumb Code    46  rtx_thread.o(i.ThreadFlagsCheck)
    i.TimerInsert                            0x080025c0   Section        0  rtx_timer.o(i.TimerInsert)
    TimerInsert                              0x080025c1   Thumb Code    50  rtx_timer.o(i.TimerInsert)
    i.UART_AdvFeatureConfig                  0x080025f8   Section        0  stm32l4xx_hal_uart.o(i.UART_AdvFeatureConfig)
    i.UART_CheckIdleState                    0x080026c0   Section        0  stm32l4xx_hal_uart.o(i.UART_CheckIdleState)
    i.UART_SetConfig                         0x08002718   Section        0  stm32l4xx_hal_uart.o(i.UART_SetConfig)
    i.UART_WaitOnFlagUntilTimeout            0x08002950   Section        0  stm32l4xx_hal_uart.o(i.UART_WaitOnFlagUntilTimeout)
    i.__NVIC_SetPriority                     0x080029b0   Section        0  stm32l4xx_hal_cortex.o(i.__NVIC_SetPriority)
    __NVIC_SetPriority                       0x080029b1   Thumb Code    32  stm32l4xx_hal_cortex.o(i.__NVIC_SetPriority)
    i.__scatterload_copy                     0x080029d0   Section       14  handlers.o(i.__scatterload_copy)
    i.__scatterload_null                     0x080029de   Section        2  handlers.o(i.__scatterload_null)
    i.__scatterload_zeroinit                 0x080029e0   Section       14  handlers.o(i.__scatterload_zeroinit)
    i.app_main                               0x080029ee   Section        0  main.o(i.app_main)
    i.evr_initialize                         0x080029f0   Section        0  rtx_lib.o(i.evr_initialize)
    evr_initialize                           0x080029f1   Thumb Code   124  rtx_lib.o(i.evr_initialize)
    i.main                                   0x08002a6c   Section        0  main.o(i.main)
    i.osKernelGetState                       0x08002ac0   Section        0  rtx_kernel.o(i.osKernelGetState)
    i.osKernelInitialize                     0x08002af0   Section        0  rtx_kernel.o(i.osKernelInitialize)
    i.osKernelStart                          0x08002b20   Section        0  rtx_kernel.o(i.osKernelStart)
    i.osMessageQueueGet                      0x08002b4c   Section        0  rtx_msgqueue.o(i.osMessageQueueGet)
    i.osMessageQueueNew                      0x08002bd8   Section        0  rtx_msgqueue.o(i.osMessageQueueNew)
    i.osMessageQueuePut                      0x08002c10   Section        0  rtx_msgqueue.o(i.osMessageQueuePut)
    i.osRtxErrorNotify                       0x08002ca8   Section        0  rtx_config.o(i.osRtxErrorNotify)
    i.osRtxIdleThread                        0x08002caa   Section        0  rtx_config.o(i.osRtxIdleThread)
    i.osRtxKernelPreInit                     0x08002cac   Section        0  rtx_lib.o(i.osRtxKernelPreInit)
    i.osRtxMemoryAlloc                       0x08002cc0   Section        0  rtx_memory.o(i.osRtxMemoryAlloc)
    i.osRtxMemoryFree                        0x08002d40   Section        0  rtx_memory.o(i.osRtxMemoryFree)
    i.osRtxMemoryInit                        0x08002d88   Section        0  rtx_memory.o(i.osRtxMemoryInit)
    i.osRtxMemoryPoolAlloc                   0x08002dc4   Section        0  rtx_mempool.o(i.osRtxMemoryPoolAlloc)
    i.osRtxMemoryPoolFree                    0x08002df4   Section        0  rtx_mempool.o(i.osRtxMemoryPoolFree)
    i.osRtxMemoryPoolInit                    0x08002e34   Section        0  rtx_mempool.o(i.osRtxMemoryPoolInit)
    i.osRtxMessageQueuePostProcess           0x08002e7a   Section        0  rtx_msgqueue.o(i.osRtxMessageQueuePostProcess)
    osRtxMessageQueuePostProcess             0x08002e7b   Thumb Code   236  rtx_msgqueue.o(i.osRtxMessageQueuePostProcess)
    i.osRtxMutexOwnerRelease                 0x08002f66   Section        0  rtx_mutex.o(i.osRtxMutexOwnerRelease)
    i.osRtxPendSV_Handler                    0x08002fbc   Section        0  rtx_system.o(i.osRtxPendSV_Handler)
    i.osRtxPostProcess                       0x08003020   Section        0  rtx_system.o(i.osRtxPostProcess)
    i.osRtxThreadBlock                       0x08003070   Section        0  rtx_thread.o(i.osRtxThreadBlock)
    osRtxThreadBlock                         0x08003071   Thumb Code    48  rtx_thread.o(i.osRtxThreadBlock)
    i.osRtxThreadDelayInsert                 0x080030a4   Section        0  rtx_thread.o(i.osRtxThreadDelayInsert)
    osRtxThreadDelayInsert                   0x080030a5   Thumb Code    88  rtx_thread.o(i.osRtxThreadDelayInsert)
    i.osRtxThreadDelayRemove                 0x08003100   Section        0  rtx_thread.o(i.osRtxThreadDelayRemove)
    osRtxThreadDelayRemove                   0x08003101   Thumb Code    66  rtx_thread.o(i.osRtxThreadDelayRemove)
    i.osRtxThreadDelayTick                   0x08003148   Section        0  rtx_thread.o(i.osRtxThreadDelayTick)
    i.osRtxThreadDispatch                    0x08003208   Section        0  rtx_thread.o(i.osRtxThreadDispatch)
    i.osRtxThreadFree                        0x08003264   Section        0  rtx_thread.o(i.osRtxThreadFree)
    osRtxThreadFree                          0x08003265   Thumb Code    78  rtx_thread.o(i.osRtxThreadFree)
    i.osRtxThreadListGet                     0x080032b8   Section        0  rtx_thread.o(i.osRtxThreadListGet)
    i.osRtxThreadListPut                     0x080032cc   Section        0  rtx_thread.o(i.osRtxThreadListPut)
    i.osRtxThreadListRemove                  0x080032f0   Section        0  rtx_thread.o(i.osRtxThreadListRemove)
    i.osRtxThreadListRoot                    0x08003308   Section        0  rtx_thread.o(i.osRtxThreadListRoot)
    osRtxThreadListRoot                      0x08003309   Thumb Code    12  rtx_thread.o(i.osRtxThreadListRoot)
    i.osRtxThreadPostProcess                 0x08003314   Section        0  rtx_thread.o(i.osRtxThreadPostProcess)
    osRtxThreadPostProcess                   0x08003315   Thumb Code    56  rtx_thread.o(i.osRtxThreadPostProcess)
    i.osRtxThreadReadyPut                    0x0800334c   Section        0  rtx_thread.o(i.osRtxThreadReadyPut)
    i.osRtxThreadRegPtr                      0x0800335c   Section        0  rtx_thread.o(i.osRtxThreadRegPtr)
    i.osRtxThreadStackCheck                  0x08003370   Section        0  rtx_thread.o(i.osRtxThreadStackCheck)
    i.osRtxThreadStartup                     0x08003398   Section        0  rtx_thread.o(i.osRtxThreadStartup)
    i.osRtxThreadSwitch                      0x080033d4   Section        0  rtx_thread.o(i.osRtxThreadSwitch)
    i.osRtxThreadWaitEnter                   0x080033f4   Section        0  rtx_thread.o(i.osRtxThreadWaitEnter)
    i.osRtxThreadWaitExit                    0x08003434   Section        0  rtx_thread.o(i.osRtxThreadWaitExit)
    i.osRtxTick_Handler                      0x08003464   Section        0  rtx_system.o(i.osRtxTick_Handler)
    i.osRtxTimerThread                       0x080034dc   Section        0  rtx_timer.o(i.osRtxTimerThread)
    i.osRtxTimerTick                         0x08003524   Section        0  rtx_timer.o(i.osRtxTimerTick)
    osRtxTimerTick                           0x08003525   Thumb Code    88  rtx_timer.o(i.osRtxTimerTick)
    i.osThreadExit                           0x08003580   Section        0  rtx_thread.o(i.osThreadExit)
    i.osThreadNew                            0x0800359c   Section        0  rtx_thread.o(i.osThreadNew)
    i.svcRtxKernelGetState                   0x080035d4   Section        0  rtx_kernel.o(i.svcRtxKernelGetState)
    svcRtxKernelGetState                     0x080035d5   Thumb Code     6  rtx_kernel.o(i.svcRtxKernelGetState)
    i.svcRtxKernelInitialize                 0x080035e0   Section        0  rtx_kernel.o(i.svcRtxKernelInitialize)
    svcRtxKernelInitialize                   0x080035e1   Thumb Code   302  rtx_kernel.o(i.svcRtxKernelInitialize)
    i.svcRtxKernelStart                      0x08003718   Section        0  rtx_kernel.o(i.svcRtxKernelStart)
    svcRtxKernelStart                        0x08003719   Thumb Code   144  rtx_kernel.o(i.svcRtxKernelStart)
    i.svcRtxMessageQueueGet                  0x080037b8   Section        0  rtx_msgqueue.o(i.svcRtxMessageQueueGet)
    svcRtxMessageQueueGet                    0x080037b9   Thumb Code   264  rtx_msgqueue.o(i.svcRtxMessageQueueGet)
    i.svcRtxMessageQueueNew                  0x080038c4   Section        0  rtx_msgqueue.o(i.svcRtxMessageQueueNew)
    svcRtxMessageQueueNew                    0x080038c5   Thumb Code   294  rtx_msgqueue.o(i.svcRtxMessageQueueNew)
    i.svcRtxMessageQueuePut                  0x080039fc   Section        0  rtx_msgqueue.o(i.svcRtxMessageQueuePut)
    svcRtxMessageQueuePut                    0x080039fd   Thumb Code   234  rtx_msgqueue.o(i.svcRtxMessageQueuePut)
    i.svcRtxThreadExit                       0x08003aec   Section        0  rtx_thread.o(i.svcRtxThreadExit)
    svcRtxThreadExit                         0x08003aed   Thumb Code   110  rtx_thread.o(i.svcRtxThreadExit)
    i.svcRtxThreadNew                        0x08003b60   Section        0  rtx_thread.o(i.svcRtxThreadNew)
    svcRtxThreadNew                          0x08003b61   Thumb Code   438  rtx_thread.o(i.svcRtxThreadNew)
    .constdata                               0x08003d34   Section       36  rtx_lib.o(.constdata)
    os_idle_thread_attr                      0x08003d34   Data          36  rtx_lib.o(.constdata)
    .constdata                               0x08003d58   Section       36  rtx_lib.o(.constdata)
    os_timer_thread_attr                     0x08003d58   Data          36  rtx_lib.o(.constdata)
    .constdata                               0x08003d7c   Section       24  rtx_lib.o(.constdata)
    os_timer_mq_attr                         0x08003d7c   Data          24  rtx_lib.o(.constdata)
    .constdata                               0x08003d94   Section        4  rtx_lib.o(.constdata)
    .constdata                               0x08003d98   Section       24  eventrecorder.o(.constdata)
    __tagsym$$used                           0x08003d98   Number         0  eventrecorder.o(.constdata)
    .constdata                               0x08003db0   Section       64  system_stm32l4xx.o(.constdata)
    .constdata                               0x08003df0   Section        8  system_stm32l4xx.o(.constdata)
    .conststrlit                             0x08003df8   Section       11  rtx_kernel.o(.conststrlit)
    .rodata                                  0x08003e04   Section      160  rtx_lib.o(.rodata)
    __tagsym$$used                           0x08003e04   Number         0  rtx_lib.o(.rodata)
    __tagsym$$used                           0x08003e6c   Number         0  rtx_lib.o(.rodata)
    .bss.os                                  0x20000000   Section     4096  rtx_lib.o(.bss.os)
    os_mem                                   0x20000000   Data        4096  rtx_lib.o(.bss.os)
    .bss.os                                  0x20001000   Section       64  rtx_lib.o(.bss.os)
    os_isr_queue                             0x20001000   Data          64  rtx_lib.o(.bss.os)
    .bss.os.msgqueue.cb                      0x20001040   Section       52  rtx_lib.o(.bss.os.msgqueue.cb)
    os_timer_mq_cb                           0x20001040   Data          52  rtx_lib.o(.bss.os.msgqueue.cb)
    .bss.os.msgqueue.mem                     0x20001074   Section       80  rtx_lib.o(.bss.os.msgqueue.mem)
    os_timer_mq_data                         0x20001074   Data          80  rtx_lib.o(.bss.os.msgqueue.mem)
    .bss.os.thread.cb                        0x200010c4   Section       68  rtx_lib.o(.bss.os.thread.cb)
    os_idle_thread_cb                        0x200010c4   Data          68  rtx_lib.o(.bss.os.thread.cb)
    .bss.os.thread.cb                        0x20001108   Section       68  rtx_lib.o(.bss.os.thread.cb)
    os_timer_thread_cb                       0x20001108   Data          68  rtx_lib.o(.bss.os.thread.cb)
    .bss.os.thread.stack                     0x20001150   Section      256  rtx_lib.o(.bss.os.thread.stack)
    os_idle_thread_stack                     0x20001150   Data         256  rtx_lib.o(.bss.os.thread.stack)
    .bss.os.thread.stack                     0x20001250   Section      256  rtx_lib.o(.bss.os.thread.stack)
    os_timer_thread_stack                    0x20001250   Data         256  rtx_lib.o(.bss.os.thread.stack)
    .data                                    0x20001350   Section       12  stm32l4xx_hal.o(.data)
    .data                                    0x2000135c   Section        1  os_systick.o(.data)
    PendST                                   0x2000135c   Data           1  os_systick.o(.data)
    .data                                    0x20001360   Section        4  system_stm32l4xx.o(.data)
    .data.os                                 0x20001364   Section      164  rtx_kernel.o(.data.os)
    .bss                                     0x20001408   Section      192  main.o(.bss)
    STACK                                    0x200014c8   Section     1024  startup_stm32l432xx_1.o(STACK)
    .bss.noinit                              0x2000f000   Section     2212  eventrecorder.o(.bss.noinit)
    EventBuffer                              0x2000f000   Data        2048  eventrecorder.o(.bss.noinit)
    EventFilter                              0x2000f800   Data         128  eventrecorder.o(.bss.noinit)
    EventStatus                              0x2000f880   Data          36  eventrecorder.o(.bss.noinit)

    Global Symbols

    Symbol Name                              Value     Ov Type        Size  Object(Section)

    BuildAttributes$$THM_ISAv4$E$P$D$K$B$S$7EM$VFPi3$EXTD16$VFPS$VFMA$PE$A:L22UL41UL21$X:L11$S22US41US21$IEEE1$IW$USESV6$~STKCKD$USESV7$~SHL$OSPACE$EBA8$MICROLIB$REQ8$PRES8$EABIv2 0x00000000   Number         0  anon$$obj.o ABSOLUTE
    __ARM_use_no_argv                        0x00000000   Number         0  main.o ABSOLUTE
    .bss.os.evflags.cb$$Base                  - Undefined Weak Reference
    .bss.os.evflags.cb$$Limit                 - Undefined Weak Reference
    .bss.os.mempool.cb$$Base                  - Undefined Weak Reference
    .bss.os.mempool.cb$$Limit                 - Undefined Weak Reference
    .bss.os.mutex.cb$$Base                    - Undefined Weak Reference
    .bss.os.mutex.cb$$Limit                   - Undefined Weak Reference
    .bss.os.semaphore.cb$$Base                - Undefined Weak Reference
    .bss.os.semaphore.cb$$Limit               - Undefined Weak Reference
    .bss.os.timer.cb$$Base                    - Undefined Weak Reference
    .bss.os.timer.cb$$Limit                   - Undefined Weak Reference
    __cpp_initialize__aeabi_                  - Undefined Weak Reference
    __cxa_finalize                            - Undefined Weak Reference
    _clock_init                               - Undefined Weak Reference
    _microlib_exit                            - Undefined Weak Reference
    __Vectors_Size                           0x0000018c   Number         0  startup_stm32l432xx_1.o ABSOLUTE
    __Vectors                                0x08000000   Data           4  startup_stm32l432xx_1.o(RESET)
    __Vectors_End                            0x0800018c   Data           0  startup_stm32l432xx_1.o(RESET)
    __main                                   0x0800018d   Thumb Code     0  entry.o(.ARM.Collect$$$$00000000)
    _main_stk                                0x0800018d   Thumb Code     0  entry2.o(.ARM.Collect$$$$00000001)
    _main_scatterload                        0x08000191   Thumb Code     0  entry5.o(.ARM.Collect$$$$00000004)
    __main_after_scatterload                 0x08000195   Thumb Code     0  entry5.o(.ARM.Collect$$$$00000004)
    _main_clock                              0x08000195   Thumb Code     0  entry7b.o(.ARM.Collect$$$$00000008)
    _main_cpp_init                           0x08000195   Thumb Code     0  entry8b.o(.ARM.Collect$$$$0000000A)
    _main_init                               0x08000195   Thumb Code     0  entry9a.o(.ARM.Collect$$$$0000000B)
    __rt_final_cpp                           0x0800019d   Thumb Code     0  entry10a.o(.ARM.Collect$$$$0000000D)
    __rt_final_exit                          0x0800019d   Thumb Code     0  entry11a.o(.ARM.Collect$$$$0000000F)
    __asm___13_rtx_mempool_c_7914b4c7__atomic_wr8 0x080001a1   Thumb Code    16  rtx_mempool.o(.emb_text)
    __asm___13_rtx_mempool_c_7914b4c7__atomic_set32 0x080001b1   Thumb Code    20  rtx_mempool.o(.emb_text)
    __asm___13_rtx_mempool_c_7914b4c7__atomic_clr32 0x080001c5   Thumb Code    22  rtx_mempool.o(.emb_text)
    __asm___13_rtx_mempool_c_7914b4c7__atomic_chk32_all 0x080001db   Thumb Code    38  rtx_mempool.o(.emb_text)
    __asm___13_rtx_mempool_c_7914b4c7__atomic_chk32_any 0x08000201   Thumb Code    34  rtx_mempool.o(.emb_text)
    __asm___13_rtx_mempool_c_7914b4c7__atomic_inc32 0x08000223   Thumb Code    18  rtx_mempool.o(.emb_text)
    __asm___13_rtx_mempool_c_7914b4c7__atomic_inc16_lt 0x08000235   Thumb Code    30  rtx_mempool.o(.emb_text)
    __asm___13_rtx_mempool_c_7914b4c7__atomic_inc16_lim 0x08000253   Thumb Code    26  rtx_mempool.o(.emb_text)
    __asm___13_rtx_mempool_c_7914b4c7__atomic_dec32 0x0800026d   Thumb Code    18  rtx_mempool.o(.emb_text)
    __asm___13_rtx_mempool_c_7914b4c7__atomic_dec32_nz 0x0800027f   Thumb Code    26  rtx_mempool.o(.emb_text)
    __asm___13_rtx_mempool_c_7914b4c7__atomic_dec16_nz 0x08000299   Thumb Code    26  rtx_mempool.o(.emb_text)
    __asm___13_rtx_mempool_c_7914b4c7__atomic_link_get 0x080002b3   Thumb Code    26  rtx_mempool.o(.emb_text)
    __asm___13_rtx_mempool_c_7914b4c7__atomic_link_put 0x080002cd   Thumb Code    28  rtx_mempool.o(.emb_text)
    __asm___14_rtx_msgqueue_c_ba128ae8__atomic_wr8 0x080002e9   Thumb Code    16  rtx_msgqueue.o(.emb_text)
    __asm___14_rtx_msgqueue_c_ba128ae8__atomic_set32 0x080002f9   Thumb Code    20  rtx_msgqueue.o(.emb_text)
    __asm___14_rtx_msgqueue_c_ba128ae8__atomic_clr32 0x0800030d   Thumb Code    22  rtx_msgqueue.o(.emb_text)
    __asm___14_rtx_msgqueue_c_ba128ae8__atomic_chk32_all 0x08000323   Thumb Code    38  rtx_msgqueue.o(.emb_text)
    __asm___14_rtx_msgqueue_c_ba128ae8__atomic_chk32_any 0x08000349   Thumb Code    34  rtx_msgqueue.o(.emb_text)
    __asm___14_rtx_msgqueue_c_ba128ae8__atomic_inc32 0x0800036b   Thumb Code    18  rtx_msgqueue.o(.emb_text)
    __asm___14_rtx_msgqueue_c_ba128ae8__atomic_inc16_lt 0x0800037d   Thumb Code    30  rtx_msgqueue.o(.emb_text)
    __asm___14_rtx_msgqueue_c_ba128ae8__atomic_inc16_lim 0x0800039b   Thumb Code    26  rtx_msgqueue.o(.emb_text)
    __asm___14_rtx_msgqueue_c_ba128ae8__atomic_dec32 0x080003b5   Thumb Code    18  rtx_msgqueue.o(.emb_text)
    __asm___14_rtx_msgqueue_c_ba128ae8__atomic_dec32_nz 0x080003c7   Thumb Code    26  rtx_msgqueue.o(.emb_text)
    __asm___14_rtx_msgqueue_c_ba128ae8__atomic_dec16_nz 0x080003e1   Thumb Code    26  rtx_msgqueue.o(.emb_text)
    __asm___14_rtx_msgqueue_c_ba128ae8__atomic_link_get 0x080003fb   Thumb Code    26  rtx_msgqueue.o(.emb_text)
    __asm___14_rtx_msgqueue_c_ba128ae8__atomic_link_put 0x08000415   Thumb Code    28  rtx_msgqueue.o(.emb_text)
    __asm___12_rtx_system_c_024f2f18__atomic_wr8 0x08000431   Thumb Code    16  rtx_system.o(.emb_text)
    __asm___12_rtx_system_c_024f2f18__atomic_set32 0x08000441   Thumb Code    20  rtx_system.o(.emb_text)
    __asm___12_rtx_system_c_024f2f18__atomic_clr32 0x08000455   Thumb Code    22  rtx_system.o(.emb_text)
    __asm___12_rtx_system_c_024f2f18__atomic_chk32_all 0x0800046b   Thumb Code    38  rtx_system.o(.emb_text)
    __asm___12_rtx_system_c_024f2f18__atomic_chk32_any 0x08000491   Thumb Code    34  rtx_system.o(.emb_text)
    __asm___12_rtx_system_c_024f2f18__atomic_inc32 0x080004b3   Thumb Code    18  rtx_system.o(.emb_text)
    __asm___12_rtx_system_c_024f2f18__atomic_inc16_lt 0x080004c5   Thumb Code    30  rtx_system.o(.emb_text)
    __asm___12_rtx_system_c_024f2f18__atomic_inc16_lim 0x080004e3   Thumb Code    26  rtx_system.o(.emb_text)
    __asm___12_rtx_system_c_024f2f18__atomic_dec32 0x080004fd   Thumb Code    18  rtx_system.o(.emb_text)
    __asm___12_rtx_system_c_024f2f18__atomic_dec32_nz 0x0800050f   Thumb Code    26  rtx_system.o(.emb_text)
    __asm___12_rtx_system_c_024f2f18__atomic_dec16_nz 0x08000529   Thumb Code    26  rtx_system.o(.emb_text)
    __asm___12_rtx_system_c_024f2f18__atomic_link_get 0x08000543   Thumb Code    26  rtx_system.o(.emb_text)
    __asm___12_rtx_system_c_024f2f18__atomic_link_put 0x0800055d   Thumb Code    28  rtx_system.o(.emb_text)
    __asm___12_rtx_thread_c_add96be5__atomic_wr8 0x08000579   Thumb Code    16  rtx_thread.o(.emb_text)
    __asm___12_rtx_thread_c_add96be5__atomic_set32 0x08000589   Thumb Code    20  rtx_thread.o(.emb_text)
    __asm___12_rtx_thread_c_add96be5__atomic_clr32 0x0800059d   Thumb Code    22  rtx_thread.o(.emb_text)
    __asm___12_rtx_thread_c_add96be5__atomic_chk32_all 0x080005b3   Thumb Code    38  rtx_thread.o(.emb_text)
    __asm___12_rtx_thread_c_add96be5__atomic_chk32_any 0x080005d9   Thumb Code    34  rtx_thread.o(.emb_text)
    __asm___12_rtx_thread_c_add96be5__atomic_inc32 0x080005fb   Thumb Code    18  rtx_thread.o(.emb_text)
    __asm___12_rtx_thread_c_add96be5__atomic_inc16_lt 0x0800060d   Thumb Code    30  rtx_thread.o(.emb_text)
    __asm___12_rtx_thread_c_add96be5__atomic_inc16_lim 0x0800062b   Thumb Code    26  rtx_thread.o(.emb_text)
    __asm___12_rtx_thread_c_add96be5__atomic_dec32 0x08000645   Thumb Code    18  rtx_thread.o(.emb_text)
    __asm___12_rtx_thread_c_add96be5__atomic_dec32_nz 0x08000657   Thumb Code    26  rtx_thread.o(.emb_text)
    __asm___12_rtx_thread_c_add96be5__atomic_dec16_nz 0x08000671   Thumb Code    26  rtx_thread.o(.emb_text)
    __asm___12_rtx_thread_c_add96be5__atomic_link_get 0x0800068b   Thumb Code    26  rtx_thread.o(.emb_text)
    __asm___12_rtx_thread_c_add96be5__atomic_link_put 0x080006a5   Thumb Code    28  rtx_thread.o(.emb_text)
    __asm___15_EventRecorder_c_e8d3082c__atomic_inc8 0x080006c1   Thumb Code    18  eventrecorder.o(.emb_text)
    __asm___15_EventRecorder_c_e8d3082c__atomic_inc32 0x080006d3   Thumb Code    18  eventrecorder.o(.emb_text)
    __asm___15_EventRecorder_c_e8d3082c__atomic_xch32 0x080006e5   Thumb Code    16  eventrecorder.o(.emb_text)
    __asm___15_EventRecorder_c_e8d3082c__LockRecord 0x080006f5   Thumb Code    34  eventrecorder.o(.emb_text)
    __asm___15_EventRecorder_c_e8d3082c__UnlockRecord 0x08000717   Thumb Code    30  eventrecorder.o(.emb_text)
    SVC_Handler                              0x08000735   Thumb Code   152  irq_cm4f.o(.text)
    PendSV_Handler                           0x080007cd   Thumb Code    16  irq_cm4f.o(.text)
    SysTick_Handler                          0x080007dd   Thumb Code    16  irq_cm4f.o(.text)
    Reset_Handler                            0x08000805   Thumb Code     8  startup_stm32l432xx_1.o(.text)
    NMI_Handler                              0x0800080d   Thumb Code     2  startup_stm32l432xx_1.o(.text)
    HardFault_Handler                        0x0800080f   Thumb Code     2  startup_stm32l432xx_1.o(.text)
    MemManage_Handler                        0x08000811   Thumb Code     2  startup_stm32l432xx_1.o(.text)
    BusFault_Handler                         0x08000813   Thumb Code     2  startup_stm32l432xx_1.o(.text)
    UsageFault_Handler                       0x08000815   Thumb Code     2  startup_stm32l432xx_1.o(.text)
    DebugMon_Handler                         0x08000819   Thumb Code     2  startup_stm32l432xx_1.o(.text)
    ADC1_IRQHandler                          0x0800081f   Thumb Code     0  startup_stm32l432xx_1.o(.text)
    CAN1_RX0_IRQHandler                      0x0800081f   Thumb Code     0  startup_stm32l432xx_1.o(.text)
    CAN1_RX1_IRQHandler                      0x0800081f   Thumb Code     0  startup_stm32l432xx_1.o(.text)
    CAN1_SCE_IRQHandler                      0x0800081f   Thumb Code     0  startup_stm32l432xx_1.o(.text)
    CAN1_TX_IRQHandler                       0x0800081f   Thumb Code     0  startup_stm32l432xx_1.o(.text)
    COMP_IRQHandler                          0x0800081f   Thumb Code     0  startup_stm32l432xx_1.o(.text)
    CRS_IRQHandler                           0x0800081f   Thumb Code     0  startup_stm32l432xx_1.o(.text)
    DMA1_Channel1_IRQHandler                 0x0800081f   Thumb Code     0  startup_stm32l432xx_1.o(.text)
    DMA1_Channel2_IRQHandler                 0x0800081f   Thumb Code     0  startup_stm32l432xx_1.o(.text)
    DMA1_Channel3_IRQHandler                 0x0800081f   Thumb Code     0  startup_stm32l432xx_1.o(.text)
    DMA1_Channel4_IRQHandler                 0x0800081f   Thumb Code     0  startup_stm32l432xx_1.o(.text)
    DMA1_Channel5_IRQHandler                 0x0800081f   Thumb Code     0  startup_stm32l432xx_1.o(.text)
    DMA1_Channel6_IRQHandler                 0x0800081f   Thumb Code     0  startup_stm32l432xx_1.o(.text)
    DMA1_Channel7_IRQHandler                 0x0800081f   Thumb Code     0  startup_stm32l432xx_1.o(.text)
    DMA2_Channel1_IRQHandler                 0x0800081f   Thumb Code     0  startup_stm32l432xx_1.o(.text)
    DMA2_Channel2_IRQHandler                 0x0800081f   Thumb Code     0  startup_stm32l432xx_1.o(.text)
    DMA2_Channel3_IRQHandler                 0x0800081f   Thumb Code     0  startup_stm32l432xx_1.o(.text)
    DMA2_Channel4_IRQHandler                 0x0800081f   Thumb Code     0  startup_stm32l432xx_1.o(.text)
    DMA2_Channel5_IRQHandler                 0x0800081f   Thumb Code     0  startup_stm32l432xx_1.o(.text)
    DMA2_Channel6_IRQHandler                 0x0800081f   Thumb Code     0  startup_stm32l432xx_1.o(.text)
    DMA2_Channel7_IRQHandler                 0x0800081f   Thumb Code     0  startup_stm32l432xx_1.o(.text)
    EXTI0_IRQHandler                         0x0800081f   Thumb Code     0  startup_stm32l432xx_1.o(.text)
    EXTI15_10_IRQHandler                     0x0800081f   Thumb Code     0  startup_stm32l432xx_1.o(.text)
    EXTI1_IRQHandler                         0x0800081f   Thumb Code     0  startup_stm32l432xx_1.o(.text)
    EXTI2_IRQHandler                         0x0800081f   Thumb Code     0  startup_stm32l432xx_1.o(.text)
    EXTI3_IRQHandler                         0x0800081f   Thumb Code     0  startup_stm32l432xx_1.o(.text)
    EXTI4_IRQHandler                         0x0800081f   Thumb Code     0  startup_stm32l432xx_1.o(.text)
    EXTI9_5_IRQHandler                       0x0800081f   Thumb Code     0  startup_stm32l432xx_1.o(.text)
    FLASH_IRQHandler                         0x0800081f   Thumb Code     0  startup_stm32l432xx_1.o(.text)
    FPU_IRQHandler                           0x0800081f   Thumb Code     0  startup_stm32l432xx_1.o(.text)
    I2C1_ER_IRQHandler                       0x0800081f   Thumb Code     0  startup_stm32l432xx_1.o(.text)
    I2C1_EV_IRQHandler                       0x0800081f   Thumb Code     0  startup_stm32l432xx_1.o(.text)
    I2C3_ER_IRQHandler                       0x0800081f   Thumb Code     0  startup_stm32l432xx_1.o(.text)
    I2C3_EV_IRQHandler                       0x0800081f   Thumb Code     0  startup_stm32l432xx_1.o(.text)
    LPTIM1_IRQHandler                        0x0800081f   Thumb Code     0  startup_stm32l432xx_1.o(.text)
    LPTIM2_IRQHandler                        0x0800081f   Thumb Code     0  startup_stm32l432xx_1.o(.text)
    LPUART1_IRQHandler                       0x0800081f   Thumb Code     0  startup_stm32l432xx_1.o(.text)
    PVD_PVM_IRQHandler                       0x0800081f   Thumb Code     0  startup_stm32l432xx_1.o(.text)
    QUADSPI_IRQHandler                       0x0800081f   Thumb Code     0  startup_stm32l432xx_1.o(.text)
    RCC_IRQHandler                           0x0800081f   Thumb Code     0  startup_stm32l432xx_1.o(.text)
    RNG_IRQHandler                           0x0800081f   Thumb Code     0  startup_stm32l432xx_1.o(.text)
    RTC_Alarm_IRQHandler                     0x0800081f   Thumb Code     0  startup_stm32l432xx_1.o(.text)
    RTC_WKUP_IRQHandler                      0x0800081f   Thumb Code     0  startup_stm32l432xx_1.o(.text)
    SAI1_IRQHandler                          0x0800081f   Thumb Code     0  startup_stm32l432xx_1.o(.text)
    SPI1_IRQHandler                          0x0800081f   Thumb Code     0  startup_stm32l432xx_1.o(.text)
    SPI3_IRQHandler                          0x0800081f   Thumb Code     0  startup_stm32l432xx_1.o(.text)
    SWPMI1_IRQHandler                        0x0800081f   Thumb Code     0  startup_stm32l432xx_1.o(.text)
    TAMP_STAMP_IRQHandler                    0x0800081f   Thumb Code     0  startup_stm32l432xx_1.o(.text)
    TIM1_BRK_TIM15_IRQHandler                0x0800081f   Thumb Code     0  startup_stm32l432xx_1.o(.text)
    TIM1_CC_IRQHandler                       0x0800081f   Thumb Code     0  startup_stm32l432xx_1.o(.text)
    TIM1_TRG_COM_IRQHandler                  0x0800081f   Thumb Code     0  startup_stm32l432xx_1.o(.text)
    TIM1_UP_TIM16_IRQHandler                 0x0800081f   Thumb Code     0  startup_stm32l432xx_1.o(.text)
    TIM2_IRQHandler                          0x0800081f   Thumb Code     0  startup_stm32l432xx_1.o(.text)
    TIM6_DAC_IRQHandler                      0x0800081f   Thumb Code     0  startup_stm32l432xx_1.o(.text)
    TIM7_IRQHandler                          0x0800081f   Thumb Code     0  startup_stm32l432xx_1.o(.text)
    TSC_IRQHandler                           0x0800081f   Thumb Code     0  startup_stm32l432xx_1.o(.text)
    USART1_IRQHandler                        0x0800081f   Thumb Code     0  startup_stm32l432xx_1.o(.text)
    USART2_IRQHandler                        0x0800081f   Thumb Code     0  startup_stm32l432xx_1.o(.text)
    USB_IRQHandler                           0x0800081f   Thumb Code     0  startup_stm32l432xx_1.o(.text)
    WWDG_IRQHandler                          0x0800081f   Thumb Code     0  startup_stm32l432xx_1.o(.text)
    __aeabi_uldivmod                         0x08000829   Thumb Code    98  uldiv.o(.text)
    __aeabi_memcpy                           0x08000891   Thumb Code    36  memcpya.o(.text)
    __aeabi_memcpy4                          0x08000891   Thumb Code     0  memcpya.o(.text)
    __aeabi_memcpy8                          0x08000891   Thumb Code     0  memcpya.o(.text)
    __aeabi_memset                           0x080008b5   Thumb Code    14  memseta.o(.text)
    __aeabi_memset4                          0x080008b5   Thumb Code     0  memseta.o(.text)
    __aeabi_memset8                          0x080008b5   Thumb Code     0  memseta.o(.text)
    __aeabi_memclr                           0x080008c3   Thumb Code     4  memseta.o(.text)
    __aeabi_memclr4                          0x080008c3   Thumb Code     0  memseta.o(.text)
    __aeabi_memclr8                          0x080008c3   Thumb Code     0  memseta.o(.text)
    _memset$wrapper                          0x080008c7   Thumb Code    18  memseta.o(.text)
    __aeabi_llsl                             0x080008d9   Thumb Code    30  llshl.o(.text)
    _ll_shift_l                              0x080008d9   Thumb Code     0  llshl.o(.text)
    __aeabi_llsr                             0x080008f7   Thumb Code    32  llushr.o(.text)
    _ll_ushift_r                             0x080008f7   Thumb Code     0  llushr.o(.text)
    __scatterload                            0x08000919   Thumb Code    28  init.o(.text)
    __scatterload_rt2                        0x08000919   Thumb Code     0  init.o(.text)
    __decompress                             0x0800093d   Thumb Code     0  __dczerorl.o(.text)
    __decompress0                            0x0800093d   Thumb Code    58  __dczerorl.o(.text)
    EventRecord2                             0x080009d1   Thumb Code    54  eventrecorder.o(i.EventRecord2)
    EventRecord4                             0x08000a09   Thumb Code   104  eventrecorder.o(i.EventRecord4)
    EventRecorderEnable                      0x08000b2d   Thumb Code    86  eventrecorder.o(i.EventRecorderEnable)
    EventRecorderInitialize                  0x08000b89   Thumb Code   248  eventrecorder.o(i.EventRecorderInitialize)
    EventRecorderStart                       0x08000c95   Thumb Code    34  eventrecorder.o(i.EventRecorderStart)
    EventRecorderTimerGetCount               0x08000cc1   Thumb Code     6  eventrecorder.o(i.EventRecorderTimerGetCount)
    EventRecorderTimerGetFreq                0x08000ccd   Thumb Code     6  eventrecorder.o(i.EventRecorderTimerGetFreq)
    EventRecorderTimerSetup                  0x08000cd9   Thumb Code    24  eventrecorder.o(i.EventRecorderTimerSetup)
    EvrRtxDelayCompleted                     0x08000cf9   Thumb Code    10  rtx_evr.o(i.EvrRtxDelayCompleted)
    EvrRtxEventFlagsWaitTimeout              0x08000d09   Thumb Code    10  rtx_evr.o(i.EvrRtxEventFlagsWaitTimeout)
    EvrRtxKernelError                        0x08000d19   Thumb Code    12  rtx_evr.o(i.EvrRtxKernelError)
    EvrRtxKernelInitialize                   0x08000d25   Thumb Code    10  rtx_evr.o(i.EvrRtxKernelInitialize)
    EvrRtxKernelInitialized                  0x08000d35   Thumb Code    10  rtx_evr.o(i.EvrRtxKernelInitialized)
    EvrRtxKernelStart                        0x08000d45   Thumb Code    10  rtx_evr.o(i.EvrRtxKernelStart)
    EvrRtxKernelStarted                      0x08000d55   Thumb Code    10  rtx_evr.o(i.EvrRtxKernelStarted)
    EvrRtxMemoryAlloc                        0x08000d65   Thumb Code    18  rtx_evr.o(i.EvrRtxMemoryAlloc)
    EvrRtxMemoryBlockAlloc                   0x08000d7d   Thumb Code    10  rtx_evr.o(i.EvrRtxMemoryBlockAlloc)
    EvrRtxMemoryBlockFree                    0x08000d8d   Thumb Code    20  rtx_evr.o(i.EvrRtxMemoryBlockFree)
    EvrRtxMemoryBlockInit                    0x08000da5   Thumb Code    18  rtx_evr.o(i.EvrRtxMemoryBlockInit)
    EvrRtxMemoryFree                         0x08000dbd   Thumb Code    20  rtx_evr.o(i.EvrRtxMemoryFree)
    EvrRtxMemoryInit                         0x08000dd5   Thumb Code    22  rtx_evr.o(i.EvrRtxMemoryInit)
    EvrRtxMemoryPoolAllocTimeout             0x08000ded   Thumb Code    10  rtx_evr.o(i.EvrRtxMemoryPoolAllocTimeout)
    EvrRtxMessageQueueCreated                0x08000dfd   Thumb Code    10  rtx_evr.o(i.EvrRtxMessageQueueCreated)
    EvrRtxMessageQueueError                  0x08000e0d   Thumb Code    12  rtx_evr.o(i.EvrRtxMessageQueueError)
    EvrRtxMessageQueueGet                    0x08000e19   Thumb Code    18  rtx_evr.o(i.EvrRtxMessageQueueGet)
    EvrRtxMessageQueueGetPending             0x08000e31   Thumb Code    20  rtx_evr.o(i.EvrRtxMessageQueueGetPending)
    EvrRtxMessageQueueGetTimeout             0x08000e49   Thumb Code    10  rtx_evr.o(i.EvrRtxMessageQueueGetTimeout)
    EvrRtxMessageQueueInsertPending          0x08000e59   Thumb Code    10  rtx_evr.o(i.EvrRtxMessageQueueInsertPending)
    EvrRtxMessageQueueInserted               0x08000e69   Thumb Code    10  rtx_evr.o(i.EvrRtxMessageQueueInserted)
    EvrRtxMessageQueueNew                    0x08000e79   Thumb Code    20  rtx_evr.o(i.EvrRtxMessageQueueNew)
    EvrRtxMessageQueueNotInserted            0x08000e91   Thumb Code    10  rtx_evr.o(i.EvrRtxMessageQueueNotInserted)
    EvrRtxMessageQueueNotRetrieved           0x08000ea1   Thumb Code    10  rtx_evr.o(i.EvrRtxMessageQueueNotRetrieved)
    EvrRtxMessageQueuePut                    0x08000eb1   Thumb Code    18  rtx_evr.o(i.EvrRtxMessageQueuePut)
    EvrRtxMessageQueuePutPending             0x08000ec9   Thumb Code    20  rtx_evr.o(i.EvrRtxMessageQueuePutPending)
    EvrRtxMessageQueuePutTimeout             0x08000ee1   Thumb Code    10  rtx_evr.o(i.EvrRtxMessageQueuePutTimeout)
    EvrRtxMessageQueueRetrieved              0x08000ef1   Thumb Code    10  rtx_evr.o(i.EvrRtxMessageQueueRetrieved)
    EvrRtxMutexAcquireTimeout                0x08000f01   Thumb Code    10  rtx_evr.o(i.EvrRtxMutexAcquireTimeout)
    EvrRtxMutexAcquired                      0x08000f11   Thumb Code    10  rtx_evr.o(i.EvrRtxMutexAcquired)
    EvrRtxMutexReleased                      0x08000f21   Thumb Code    10  rtx_evr.o(i.EvrRtxMutexReleased)
    EvrRtxSemaphoreAcquireTimeout            0x08000f31   Thumb Code    10  rtx_evr.o(i.EvrRtxSemaphoreAcquireTimeout)
    EvrRtxThreadBlocked                      0x08000f41   Thumb Code    10  rtx_evr.o(i.EvrRtxThreadBlocked)
    EvrRtxThreadCreated                      0x08000f51   Thumb Code    20  rtx_evr.o(i.EvrRtxThreadCreated)
    EvrRtxThreadDestroyed                    0x08000f69   Thumb Code    10  rtx_evr.o(i.EvrRtxThreadDestroyed)
    EvrRtxThreadError                        0x08000f79   Thumb Code    12  rtx_evr.o(i.EvrRtxThreadError)
    EvrRtxThreadExit                         0x08000f85   Thumb Code    10  rtx_evr.o(i.EvrRtxThreadExit)
    EvrRtxThreadFlagsWaitCompleted           0x08000f95   Thumb Code    18  rtx_evr.o(i.EvrRtxThreadFlagsWaitCompleted)
    EvrRtxThreadFlagsWaitTimeout             0x08000fad   Thumb Code    10  rtx_evr.o(i.EvrRtxThreadFlagsWaitTimeout)
    EvrRtxThreadJoined                       0x08000fbd   Thumb Code    10  rtx_evr.o(i.EvrRtxThreadJoined)
    EvrRtxThreadNew                          0x08000fcd   Thumb Code    20  rtx_evr.o(i.EvrRtxThreadNew)
    EvrRtxThreadPreempted                    0x08000fe5   Thumb Code    10  rtx_evr.o(i.EvrRtxThreadPreempted)
    EvrRtxThreadSwitched                     0x08000ff5   Thumb Code    10  rtx_evr.o(i.EvrRtxThreadSwitched)
    EvrRtxThreadUnblocked                    0x08001005   Thumb Code    10  rtx_evr.o(i.EvrRtxThreadUnblocked)
    EvrRtxTimerCallback                      0x08001015   Thumb Code    10  rtx_evr.o(i.EvrRtxTimerCallback)
    HAL_GPIO_Init                            0x08001025   Thumb Code   376  stm32l4xx_hal_gpio.o(i.HAL_GPIO_Init)
    HAL_GPIO_WritePin                        0x080011b7   Thumb Code    10  stm32l4xx_hal_gpio.o(i.HAL_GPIO_WritePin)
    HAL_GetTick                              0x080011c1   Thumb Code     6  stm32l4xx_hal.o(i.HAL_GetTick)
    HAL_Init                                 0x080011cd   Thumb Code    30  stm32l4xx_hal.o(i.HAL_Init)
    HAL_InitTick                             0x080011ed   Thumb Code    58  stm32l4xx_hal.o(i.HAL_InitTick)
    HAL_MspInit                              0x08001231   Thumb Code    38  stm32l4xx_hal_msp.o(i.HAL_MspInit)
    HAL_NVIC_SetPriority                     0x0800125d   Thumb Code    60  stm32l4xx_hal_cortex.o(i.HAL_NVIC_SetPriority)
    HAL_NVIC_SetPriorityGrouping             0x0800129d   Thumb Code    26  stm32l4xx_hal_cortex.o(i.HAL_NVIC_SetPriorityGrouping)
    HAL_PWREx_ControlVoltageScaling          0x080012c1   Thumb Code    90  stm32l4xx_hal_pwr_ex.o(i.HAL_PWREx_ControlVoltageScaling)
    HAL_PWREx_GetVoltageRange                0x08001329   Thumb Code    10  stm32l4xx_hal_pwr_ex.o(i.HAL_PWREx_GetVoltageRange)
    HAL_RCCEx_EnableMSIPLLMode               0x08001339   Thumb Code    12  stm32l4xx_hal_rcc_ex.o(i.HAL_RCCEx_EnableMSIPLLMode)
    HAL_RCCEx_PeriphCLKConfig                0x08001349   Thumb Code   634  stm32l4xx_hal_rcc_ex.o(i.HAL_RCCEx_PeriphCLKConfig)
    HAL_RCC_ClockConfig                      0x080015d5   Thumb Code   266  stm32l4xx_hal_rcc.o(i.HAL_RCC_ClockConfig)
    HAL_RCC_GetPCLK1Freq                     0x080016f5   Thumb Code    24  stm32l4xx_hal_rcc.o(i.HAL_RCC_GetPCLK1Freq)
    HAL_RCC_GetPCLK2Freq                     0x08001719   Thumb Code    24  stm32l4xx_hal_rcc.o(i.HAL_RCC_GetPCLK2Freq)
    HAL_RCC_GetSysClockFreq                  0x0800173d   Thumb Code   150  stm32l4xx_hal_rcc.o(i.HAL_RCC_GetSysClockFreq)
    HAL_RCC_OscConfig                        0x080017e1   Thumb Code  1312  stm32l4xx_hal_rcc.o(i.HAL_RCC_OscConfig)
    HAL_SYSTICK_Config                       0x08001d05   Thumb Code    40  stm32l4xx_hal_cortex.o(i.HAL_SYSTICK_Config)
    HAL_TIMEx_MasterConfigSynchronization    0x08001d2d   Thumb Code    82  stm32l4xx_hal_tim_ex.o(i.HAL_TIMEx_MasterConfigSynchronization)
    HAL_TIM_IC_ConfigChannel                 0x08001d85   Thumb Code   286  stm32l4xx_hal_tim.o(i.HAL_TIM_IC_ConfigChannel)
    HAL_TIM_IC_Init                          0x08001ea3   Thumb Code    54  stm32l4xx_hal_tim.o(i.HAL_TIM_IC_Init)
    HAL_TIM_IC_MspInit                       0x08001ed9   Thumb Code    88  stm32l4xx_hal_msp.o(i.HAL_TIM_IC_MspInit)
    HAL_UART_Init                            0x08001f35   Thumb Code   102  stm32l4xx_hal_uart.o(i.HAL_UART_Init)
    HAL_UART_MspInit                         0x08001f9d   Thumb Code    90  stm32l4xx_hal_msp.o(i.HAL_UART_MspInit)
    OS_Tick_AcknowledgeIRQ                   0x080021bf   Thumb Code     8  os_systick.o(i.OS_Tick_AcknowledgeIRQ)
    OS_Tick_Enable                           0x080021c9   Thumb Code    32  os_systick.o(i.OS_Tick_Enable)
    OS_Tick_GetIRQn                          0x080021f1   Thumb Code     6  os_systick.o(i.OS_Tick_GetIRQn)
    OS_Tick_Setup                            0x080021f9   Thumb Code    52  os_systick.o(i.OS_Tick_Setup)
    SystemClock_Config                       0x080023e1   Thumb Code   124  main.o(i.SystemClock_Config)
    SystemInit                               0x0800245d   Thumb Code    56  system_stm32l4xx.o(i.SystemInit)
    TIM_Base_SetConfig                       0x080024a1   Thumb Code    94  stm32l4xx_hal_tim.o(i.TIM_Base_SetConfig)
    TIM_TI1_SetConfig                        0x0800250d   Thumb Code    70  stm32l4xx_hal_tim.o(i.TIM_TI1_SetConfig)
    UART_AdvFeatureConfig                    0x080025f9   Thumb Code   200  stm32l4xx_hal_uart.o(i.UART_AdvFeatureConfig)
    UART_CheckIdleState                      0x080026c1   Thumb Code    88  stm32l4xx_hal_uart.o(i.UART_CheckIdleState)
    UART_SetConfig                           0x08002719   Thumb Code   530  stm32l4xx_hal_uart.o(i.UART_SetConfig)
    UART_WaitOnFlagUntilTimeout              0x08002951   Thumb Code    96  stm32l4xx_hal_uart.o(i.UART_WaitOnFlagUntilTimeout)
    __scatterload_copy                       0x080029d1   Thumb Code    14  handlers.o(i.__scatterload_copy)
    __scatterload_null                       0x080029df   Thumb Code     2  handlers.o(i.__scatterload_null)
    __scatterload_zeroinit                   0x080029e1   Thumb Code    14  handlers.o(i.__scatterload_zeroinit)
    app_main                                 0x080029ef   Thumb Code     2  main.o(i.app_main)
    main                                     0x08002a6d   Thumb Code    70  main.o(i.main)
    osKernelGetState                         0x08002ac1   Thumb Code    40  rtx_kernel.o(i.osKernelGetState)
    osKernelInitialize                       0x08002af1   Thumb Code    44  rtx_kernel.o(i.osKernelInitialize)
    osKernelStart                            0x08002b21   Thumb Code    40  rtx_kernel.o(i.osKernelStart)
    osMessageQueueGet                        0x08002b4d   Thumb Code   136  rtx_msgqueue.o(i.osMessageQueueGet)
    osMessageQueueNew                        0x08002bd9   Thumb Code    52  rtx_msgqueue.o(i.osMessageQueueNew)
    osMessageQueuePut                        0x08002c11   Thumb Code   146  rtx_msgqueue.o(i.osMessageQueuePut)
    osRtxErrorNotify                         0x08002ca9   Thumb Code     2  rtx_config.o(i.osRtxErrorNotify)
    osRtxIdleThread                          0x08002cab   Thumb Code     2  rtx_config.o(i.osRtxIdleThread)
    osRtxKernelPreInit                       0x08002cad   Thumb Code    20  rtx_lib.o(i.osRtxKernelPreInit)
    osRtxMemoryAlloc                         0x08002cc1   Thumb Code   128  rtx_memory.o(i.osRtxMemoryAlloc)
    osRtxMemoryFree                          0x08002d41   Thumb Code    72  rtx_memory.o(i.osRtxMemoryFree)
    osRtxMemoryInit                          0x08002d89   Thumb Code    60  rtx_memory.o(i.osRtxMemoryInit)
    osRtxMemoryPoolAlloc                     0x08002dc5   Thumb Code    48  rtx_mempool.o(i.osRtxMemoryPoolAlloc)
    osRtxMemoryPoolFree                      0x08002df5   Thumb Code    64  rtx_mempool.o(i.osRtxMemoryPoolFree)
    osRtxMemoryPoolInit                      0x08002e35   Thumb Code    70  rtx_mempool.o(i.osRtxMemoryPoolInit)
    osRtxMutexOwnerRelease                   0x08002f67   Thumb Code    86  rtx_mutex.o(i.osRtxMutexOwnerRelease)
    osRtxPendSV_Handler                      0x08002fbd   Thumb Code    94  rtx_system.o(i.osRtxPendSV_Handler)
    osRtxPostProcess                         0x08003021   Thumb Code    72  rtx_system.o(i.osRtxPostProcess)
    osRtxThreadDelayTick                     0x08003149   Thumb Code   188  rtx_thread.o(i.osRtxThreadDelayTick)
    osRtxThreadDispatch                      0x08003209   Thumb Code    88  rtx_thread.o(i.osRtxThreadDispatch)
    osRtxThreadListGet                       0x080032b9   Thumb Code    20  rtx_thread.o(i.osRtxThreadListGet)
    osRtxThreadListPut                       0x080032cd   Thumb Code    36  rtx_thread.o(i.osRtxThreadListPut)
    osRtxThreadListRemove                    0x080032f1   Thumb Code    24  rtx_thread.o(i.osRtxThreadListRemove)
    osRtxThreadReadyPut                      0x0800334d   Thumb Code    12  rtx_thread.o(i.osRtxThreadReadyPut)
    osRtxThreadRegPtr                        0x0800335d   Thumb Code    20  rtx_thread.o(i.osRtxThreadRegPtr)
    osRtxThreadStackCheck                    0x08003371   Thumb Code    32  rtx_thread.o(i.osRtxThreadStackCheck)
    osRtxThreadStartup                       0x08003399   Thumb Code    44  rtx_thread.o(i.osRtxThreadStartup)
    osRtxThreadSwitch                        0x080033d5   Thumb Code    26  rtx_thread.o(i.osRtxThreadSwitch)
    osRtxThreadWaitEnter                     0x080033f5   Thumb Code    58  rtx_thread.o(i.osRtxThreadWaitEnter)
    osRtxThreadWaitExit                      0x08003435   Thumb Code    46  rtx_thread.o(i.osRtxThreadWaitExit)
    osRtxTick_Handler                        0x08003465   Thumb Code   116  rtx_system.o(i.osRtxTick_Handler)
    osRtxTimerThread                         0x080034dd   Thumb Code    58  rtx_timer.o(i.osRtxTimerThread)
    osThreadExit                             0x08003581   Thumb Code    22  rtx_thread.o(i.osThreadExit)
    osThreadNew                              0x0800359d   Thumb Code    52  rtx_thread.o(i.osThreadNew)
    osRtxUserSVC                             0x08003d94   Data           4  rtx_lib.o(.constdata)
    EventRecorderInfo                        0x08003d98   Data          24  eventrecorder.o(.constdata)
    AHBPrescTable                            0x08003db0   Data          16  system_stm32l4xx.o(.constdata)
    MSIRangeTable                            0x08003dc0   Data          48  system_stm32l4xx.o(.constdata)
    APBPrescTable                            0x08003df0   Data           8  system_stm32l4xx.o(.constdata)
    osRtxConfig                              0x08003e04   Data         104  rtx_lib.o(.rodata)
    os_cb_sections                           0x08003e6c   Data          56  rtx_lib.o(.rodata)
    Region$$Table$$Base                      0x08003ea4   Number         0  anon$$obj.o(Region$$Table)
    Region$$Table$$Limit                     0x08003ec4   Number         0  anon$$obj.o(Region$$Table)
    .bss.os.msgqueue.cb$$Base                0x20001040   Number         0  rtx_lib.o(.bss.os.msgqueue.cb)
    .bss.os.msgqueue.cb$$Limit               0x20001074   Number         0  rtx_lib.o(.bss.os.msgqueue.cb)
    .bss.os.thread.cb$$Base                  0x200010c4   Number         0  rtx_lib.o(.bss.os.thread.cb)
    .bss.os.thread.cb$$Limit                 0x2000114c   Number         0  rtx_lib.o(.bss.os.thread.cb)
    uwTickPrio                               0x20001350   Data           4  stm32l4xx_hal.o(.data)
    uwTickFreq                               0x20001354   Data           4  stm32l4xx_hal.o(.data)
    uwTick                                   0x20001358   Data           4  stm32l4xx_hal.o(.data)
    SystemCoreClock                          0x20001360   Data           4  system_stm32l4xx.o(.data)
    osRtxInfo                                0x20001364   Data         164  rtx_kernel.o(.data.os)
    hlpuart1                                 0x20001408   Data         128  main.o(.bss)
    htim2                                    0x20001488   Data          64  main.o(.bss)
    __initial_sp                             0x200018c8   Data           0  startup_stm32l432xx_1.o(STACK)



==============================================================================

Memory Map of the image

  Image Entry point : 0x0800018d

  Load Region LR_IROM1 (Base: 0x08000000, Size: 0x000052cc, Max: 0x00040000, ABSOLUTE, COMPRESSED[0x00003f00])

    Execution Region ER_IROM1 (Exec base: 0x08000000, Load base: 0x08000000, Size: 0x00003ec4, Max: 0x00040000, ABSOLUTE)

    Exec Addr    Load Addr    Size         Type   Attr      Idx    E Section Name        Object

    0x08000000   0x08000000   0x0000018c   Data   RO         6416    RESET               startup_stm32l432xx_1.o
    0x0800018c   0x0800018c   0x00000000   Code   RO         6459  * .ARM.Collect$$$$00000000  mc_w.l(entry.o)
    0x0800018c   0x0800018c   0x00000004   Code   RO         6470    .ARM.Collect$$$$00000001  mc_w.l(entry2.o)
    0x08000190   0x08000190   0x00000004   Code   RO         6473    .ARM.Collect$$$$00000004  mc_w.l(entry5.o)
    0x08000194   0x08000194   0x00000000   Code   RO         6475    .ARM.Collect$$$$00000008  mc_w.l(entry7b.o)
    0x08000194   0x08000194   0x00000000   Code   RO         6477    .ARM.Collect$$$$0000000A  mc_w.l(entry8b.o)
    0x08000194   0x08000194   0x00000008   Code   RO         6478    .ARM.Collect$$$$0000000B  mc_w.l(entry9a.o)
    0x0800019c   0x0800019c   0x00000000   Code   RO         6480    .ARM.Collect$$$$0000000D  mc_w.l(entry10a.o)
    0x0800019c   0x0800019c   0x00000000   Code   RO         6482    .ARM.Collect$$$$0000000F  mc_w.l(entry11a.o)
    0x0800019c   0x0800019c   0x00000004   Code   RO         6471    .ARM.Collect$$$$00002712  mc_w.l(entry2.o)
    0x080001a0   0x080001a0   0x00000148   Code   RO         5092    .emb_text           rtx_mempool.o
    0x080002e8   0x080002e8   0x00000148   Code   RO         5249    .emb_text           rtx_msgqueue.o
    0x08000430   0x08000430   0x00000148   Code   RO         5640    .emb_text           rtx_system.o
    0x08000578   0x08000578   0x00000148   Code   RO         5686    .emb_text           rtx_thread.o
    0x080006c0   0x080006c0   0x00000074   Code   RO         6298    .emb_text           eventrecorder.o
    0x08000734   0x08000734   0x000000d0   Code   RO         3516    .text               irq_cm4f.o
    0x08000804   0x08000804   0x00000024   Code   RO         6417    .text               startup_stm32l432xx_1.o
    0x08000828   0x08000828   0x00000068   Code   RO         6462    .text               mc_w.l(uldiv.o)
    0x08000890   0x08000890   0x00000024   Code   RO         6464    .text               mc_w.l(memcpya.o)
    0x080008b4   0x080008b4   0x00000024   Code   RO         6466    .text               mc_w.l(memseta.o)
    0x080008d8   0x080008d8   0x0000001e   Code   RO         6484    .text               mc_w.l(llshl.o)
    0x080008f6   0x080008f6   0x00000020   Code   RO         6486    .text               mc_w.l(llushr.o)
    0x08000916   0x08000916   0x00000002   PAD
    0x08000918   0x08000918   0x00000024   Code   RO         6488    .text               mc_w.l(init.o)
    0x0800093c   0x0800093c   0x0000003a   Code   RO         6498    .text               mc_w.l(__dczerorl.o)
    0x08000976   0x08000976   0x00000002   PAD
    0x08000978   0x08000978   0x00000024   Code   RO         6299    i.EventCheckFilter  eventrecorder.o
    0x0800099c   0x0800099c   0x00000034   Code   RO         6300    i.EventGetTS        eventrecorder.o
    0x080009d0   0x080009d0   0x00000036   Code   RO         6301    i.EventRecord2      eventrecorder.o
    0x08000a06   0x08000a06   0x00000002   PAD
    0x08000a08   0x08000a08   0x00000070   Code   RO         6302    i.EventRecord4      eventrecorder.o
    0x08000a78   0x08000a78   0x000000b2   Code   RO         6304    i.EventRecordItem   eventrecorder.o
    0x08000b2a   0x08000b2a   0x00000002   PAD
    0x08000b2c   0x08000b2c   0x0000005c   Code   RO         6307    i.EventRecorderEnable  eventrecorder.o
    0x08000b88   0x08000b88   0x0000010c   Code   RO         6308    i.EventRecorderInitialize  eventrecorder.o
    0x08000c94   0x08000c94   0x0000002c   Code   RO         6309    i.EventRecorderStart  eventrecorder.o
    0x08000cc0   0x08000cc0   0x0000000c   Code   RO         6311    i.EventRecorderTimerGetCount  eventrecorder.o
    0x08000ccc   0x08000ccc   0x0000000c   Code   RO         6312    i.EventRecorderTimerGetFreq  eventrecorder.o
    0x08000cd8   0x08000cd8   0x00000020   Code   RO         6313    i.EventRecorderTimerSetup  eventrecorder.o
    0x08000cf8   0x08000cf8   0x00000010   Code   RO         3745    i.EvrRtxDelayCompleted  rtx_evr.o
    0x08000d08   0x08000d08   0x00000010   Code   RO         3765    i.EvrRtxEventFlagsWaitTimeout  rtx_evr.o
    0x08000d18   0x08000d18   0x0000000c   Code   RO         3766    i.EvrRtxKernelError  rtx_evr.o
    0x08000d24   0x08000d24   0x00000010   Code   RO         3773    i.EvrRtxKernelInitialize  rtx_evr.o
    0x08000d34   0x08000d34   0x00000010   Code   RO         3774    i.EvrRtxKernelInitialized  rtx_evr.o
    0x08000d44   0x08000d44   0x00000010   Code   RO         3781    i.EvrRtxKernelStart  rtx_evr.o
    0x08000d54   0x08000d54   0x00000010   Code   RO         3782    i.EvrRtxKernelStarted  rtx_evr.o
    0x08000d64   0x08000d64   0x00000018   Code   RO         3787    i.EvrRtxMemoryAlloc  rtx_evr.o
    0x08000d7c   0x08000d7c   0x00000010   Code   RO         3788    i.EvrRtxMemoryBlockAlloc  rtx_evr.o
    0x08000d8c   0x08000d8c   0x00000018   Code   RO         3789    i.EvrRtxMemoryBlockFree  rtx_evr.o
    0x08000da4   0x08000da4   0x00000018   Code   RO         3790    i.EvrRtxMemoryBlockInit  rtx_evr.o
    0x08000dbc   0x08000dbc   0x00000018   Code   RO         3791    i.EvrRtxMemoryFree  rtx_evr.o
    0x08000dd4   0x08000dd4   0x00000016   Code   RO         3792    i.EvrRtxMemoryInit  rtx_evr.o
    0x08000dea   0x08000dea   0x00000002   PAD
    0x08000dec   0x08000dec   0x00000010   Code   RO         3796    i.EvrRtxMemoryPoolAllocTimeout  rtx_evr.o
    0x08000dfc   0x08000dfc   0x00000010   Code   RO         3811    i.EvrRtxMessageQueueCreated  rtx_evr.o
    0x08000e0c   0x08000e0c   0x0000000c   Code   RO         3814    i.EvrRtxMessageQueueError  rtx_evr.o
    0x08000e18   0x08000e18   0x00000018   Code   RO         3815    i.EvrRtxMessageQueueGet  rtx_evr.o
    0x08000e30   0x08000e30   0x00000018   Code   RO         3820    i.EvrRtxMessageQueueGetPending  rtx_evr.o
    0x08000e48   0x08000e48   0x00000010   Code   RO         3822    i.EvrRtxMessageQueueGetTimeout  rtx_evr.o
    0x08000e58   0x08000e58   0x00000010   Code   RO         3823    i.EvrRtxMessageQueueInsertPending  rtx_evr.o
    0x08000e68   0x08000e68   0x00000010   Code   RO         3824    i.EvrRtxMessageQueueInserted  rtx_evr.o
    0x08000e78   0x08000e78   0x00000018   Code   RO         3825    i.EvrRtxMessageQueueNew  rtx_evr.o
    0x08000e90   0x08000e90   0x00000010   Code   RO         3826    i.EvrRtxMessageQueueNotInserted  rtx_evr.o
    0x08000ea0   0x08000ea0   0x00000010   Code   RO         3827    i.EvrRtxMessageQueueNotRetrieved  rtx_evr.o
    0x08000eb0   0x08000eb0   0x00000018   Code   RO         3828    i.EvrRtxMessageQueuePut  rtx_evr.o
    0x08000ec8   0x08000ec8   0x00000018   Code   RO         3829    i.EvrRtxMessageQueuePutPending  rtx_evr.o
    0x08000ee0   0x08000ee0   0x00000010   Code   RO         3830    i.EvrRtxMessageQueuePutTimeout  rtx_evr.o
    0x08000ef0   0x08000ef0   0x00000010   Code   RO         3833    i.EvrRtxMessageQueueRetrieved  rtx_evr.o
    0x08000f00   0x08000f00   0x00000010   Code   RO         3836    i.EvrRtxMutexAcquireTimeout  rtx_evr.o
    0x08000f10   0x08000f10   0x00000010   Code   RO         3837    i.EvrRtxMutexAcquired  rtx_evr.o
    0x08000f20   0x08000f20   0x00000010   Code   RO         3847    i.EvrRtxMutexReleased  rtx_evr.o
    0x08000f30   0x08000f30   0x00000010   Code   RO         3850    i.EvrRtxSemaphoreAcquireTimeout  rtx_evr.o
    0x08000f40   0x08000f40   0x00000010   Code   RO         3862    i.EvrRtxThreadBlocked  rtx_evr.o
    0x08000f50   0x08000f50   0x00000018   Code   RO         3863    i.EvrRtxThreadCreated  rtx_evr.o
    0x08000f68   0x08000f68   0x00000010   Code   RO         3864    i.EvrRtxThreadDestroyed  rtx_evr.o
    0x08000f78   0x08000f78   0x0000000c   Code   RO         3868    i.EvrRtxThreadError  rtx_evr.o
    0x08000f84   0x08000f84   0x00000010   Code   RO         3869    i.EvrRtxThreadExit  rtx_evr.o
    0x08000f94   0x08000f94   0x00000018   Code   RO         3877    i.EvrRtxThreadFlagsWaitCompleted  rtx_evr.o
    0x08000fac   0x08000fac   0x00000010   Code   RO         3880    i.EvrRtxThreadFlagsWaitTimeout  rtx_evr.o
    0x08000fbc   0x08000fbc   0x00000010   Code   RO         3890    i.EvrRtxThreadJoined  rtx_evr.o
    0x08000fcc   0x08000fcc   0x00000018   Code   RO         3891    i.EvrRtxThreadNew   rtx_evr.o
    0x08000fe4   0x08000fe4   0x00000010   Code   RO         3892    i.EvrRtxThreadPreempted  rtx_evr.o
    0x08000ff4   0x08000ff4   0x00000010   Code   RO         3899    i.EvrRtxThreadSwitched  rtx_evr.o
    0x08001004   0x08001004   0x00000010   Code   RO         3901    i.EvrRtxThreadUnblocked  rtx_evr.o
    0x08001014   0x08001014   0x00000010   Code   RO         3903    i.EvrRtxTimerCallback  rtx_evr.o
    0x08001024   0x08001024   0x00000192   Code   RO         2383    i.HAL_GPIO_Init     stm32l4xx_hal_gpio.o
    0x080011b6   0x080011b6   0x0000000a   Code   RO         2387    i.HAL_GPIO_WritePin  stm32l4xx_hal_gpio.o
    0x080011c0   0x080011c0   0x0000000c   Code   RO         1189    i.HAL_GetTick       stm32l4xx_hal.o
    0x080011cc   0x080011cc   0x0000001e   Code   RO         1196    i.HAL_Init          stm32l4xx_hal.o
    0x080011ea   0x080011ea   0x00000002   PAD
    0x080011ec   0x080011ec   0x00000044   Code   RO         1197    i.HAL_InitTick      stm32l4xx_hal.o
    0x08001230   0x08001230   0x0000002c   Code   RO          174    i.HAL_MspInit       stm32l4xx_hal_msp.o
    0x0800125c   0x0800125c   0x00000040   Code   RO         2900    i.HAL_NVIC_SetPriority  stm32l4xx_hal_cortex.o
    0x0800129c   0x0800129c   0x00000024   Code   RO         2901    i.HAL_NVIC_SetPriorityGrouping  stm32l4xx_hal_cortex.o
    0x080012c0   0x080012c0   0x00000068   Code   RO         2674    i.HAL_PWREx_ControlVoltageScaling  stm32l4xx_hal_pwr_ex.o
    0x08001328   0x08001328   0x00000010   Code   RO         2701    i.HAL_PWREx_GetVoltageRange  stm32l4xx_hal_pwr_ex.o
    0x08001338   0x08001338   0x00000010   Code   RO         2010    i.HAL_RCCEx_EnableMSIPLLMode  stm32l4xx_hal_rcc_ex.o
    0x08001348   0x08001348   0x0000028a   Code   RO         2016    i.HAL_RCCEx_PeriphCLKConfig  stm32l4xx_hal_rcc_ex.o
    0x080015d2   0x080015d2   0x00000002   PAD
    0x080015d4   0x080015d4   0x00000120   Code   RO         1894    i.HAL_RCC_ClockConfig  stm32l4xx_hal_rcc.o
    0x080016f4   0x080016f4   0x00000024   Code   RO         1900    i.HAL_RCC_GetPCLK1Freq  stm32l4xx_hal_rcc.o
    0x08001718   0x08001718   0x00000024   Code   RO         1901    i.HAL_RCC_GetPCLK2Freq  stm32l4xx_hal_rcc.o
    0x0800173c   0x0800173c   0x000000a4   Code   RO         1902    i.HAL_RCC_GetSysClockFreq  stm32l4xx_hal_rcc.o
    0x080017e0   0x080017e0   0x00000524   Code   RO         1905    i.HAL_RCC_OscConfig  stm32l4xx_hal_rcc.o
    0x08001d04   0x08001d04   0x00000028   Code   RO         2905    i.HAL_SYSTICK_Config  stm32l4xx_hal_cortex.o
    0x08001d2c   0x08001d2c   0x00000058   Code   RO          930    i.HAL_TIMEx_MasterConfigSynchronization  stm32l4xx_hal_tim_ex.o
    0x08001d84   0x08001d84   0x0000011e   Code   RO          255    i.HAL_TIM_IC_ConfigChannel  stm32l4xx_hal_tim.o
    0x08001ea2   0x08001ea2   0x00000036   Code   RO          258    i.HAL_TIM_IC_Init   stm32l4xx_hal_tim.o
    0x08001ed8   0x08001ed8   0x0000005c   Code   RO          176    i.HAL_TIM_IC_MspInit  stm32l4xx_hal_msp.o
    0x08001f34   0x08001f34   0x00000066   Code   RO         3122    i.HAL_UART_Init     stm32l4xx_hal_uart.o
    0x08001f9a   0x08001f9a   0x00000002   PAD
    0x08001f9c   0x08001f9c   0x00000064   Code   RO          178    i.HAL_UART_MspInit  stm32l4xx_hal_msp.o
    0x08002000   0x08002000   0x00000012   Code   RO         4792    i.IsIrqMasked       rtx_kernel.o
    0x08002012   0x08002012   0x00000012   Code   RO         5250    i.IsIrqMasked       rtx_msgqueue.o
    0x08002024   0x08002024   0x00000012   Code   RO         5687    i.IsIrqMasked       rtx_thread.o
    0x08002036   0x08002036   0x0000000c   Code   RO         4793    i.IsIrqMode         rtx_kernel.o
    0x08002042   0x08002042   0x0000000c   Code   RO         5251    i.IsIrqMode         rtx_msgqueue.o
    0x0800204e   0x0800204e   0x0000000c   Code   RO         5688    i.IsIrqMode         rtx_thread.o
    0x0800205a   0x0800205a   0x00000002   PAD
    0x0800205c   0x0800205c   0x0000008c   Code   RO            5    i.MX_GPIO_Init      main.o
    0x080020e8   0x080020e8   0x00000054   Code   RO            6    i.MX_TIM2_Init      main.o
    0x0800213c   0x0800213c   0x00000028   Code   RO         5252    i.MessageQueueGet   rtx_msgqueue.o
    0x08002164   0x08002164   0x0000003e   Code   RO         5253    i.MessageQueuePut   rtx_msgqueue.o
    0x080021a2   0x080021a2   0x0000001c   Code   RO         5254    i.MessageQueueRemove  rtx_msgqueue.o
    0x080021be   0x080021be   0x00000008   Code   RO         6194    i.OS_Tick_AcknowledgeIRQ  os_systick.o
    0x080021c6   0x080021c6   0x00000002   PAD
    0x080021c8   0x080021c8   0x00000028   Code   RO         6196    i.OS_Tick_Enable    os_systick.o
    0x080021f0   0x080021f0   0x00000006   Code   RO         6199    i.OS_Tick_GetIRQn   os_systick.o
    0x080021f6   0x080021f6   0x00000002   PAD
    0x080021f8   0x080021f8   0x00000040   Code   RO         6202    i.OS_Tick_Setup     os_systick.o
    0x08002238   0x08002238   0x0000012c   Code   RO         2020    i.RCCEx_PLLSAI1_Config  stm32l4xx_hal_rcc_ex.o
    0x08002364   0x08002364   0x0000007c   Code   RO         1906    i.RCC_SetFlashLatencyFromMSIRange  stm32l4xx_hal_rcc.o
    0x080023e0   0x080023e0   0x0000007c   Code   RO            7    i.SystemClock_Config  main.o
    0x0800245c   0x0800245c   0x00000044   Code   RO         6425    i.SystemInit        system_stm32l4xx.o
    0x080024a0   0x080024a0   0x0000006c   Code   RO          312    i.TIM_Base_SetConfig  stm32l4xx_hal_tim.o
    0x0800250c   0x0800250c   0x00000050   Code   RO          333    i.TIM_TI1_SetConfig  stm32l4xx_hal_tim.o
    0x0800255c   0x0800255c   0x00000036   Code   RO          335    i.TIM_TI2_SetConfig  stm32l4xx_hal_tim.o
    0x08002592   0x08002592   0x0000002e   Code   RO         5689    i.ThreadFlagsCheck  rtx_thread.o
    0x080025c0   0x080025c0   0x00000038   Code   RO         6075    i.TimerInsert       rtx_timer.o
    0x080025f8   0x080025f8   0x000000c8   Code   RO         3135    i.UART_AdvFeatureConfig  stm32l4xx_hal_uart.o
    0x080026c0   0x080026c0   0x00000058   Code   RO         3136    i.UART_CheckIdleState  stm32l4xx_hal_uart.o
    0x08002718   0x08002718   0x00000238   Code   RO         3151    i.UART_SetConfig    stm32l4xx_hal_uart.o
    0x08002950   0x08002950   0x00000060   Code   RO         3154    i.UART_WaitOnFlagUntilTimeout  stm32l4xx_hal_uart.o
    0x080029b0   0x080029b0   0x00000020   Code   RO         2907    i.__NVIC_SetPriority  stm32l4xx_hal_cortex.o
    0x080029d0   0x080029d0   0x0000000e   Code   RO         6492    i.__scatterload_copy  mc_w.l(handlers.o)
    0x080029de   0x080029de   0x00000002   Code   RO         6493    i.__scatterload_null  mc_w.l(handlers.o)
    0x080029e0   0x080029e0   0x0000000e   Code   RO         6494    i.__scatterload_zeroinit  mc_w.l(handlers.o)
    0x080029ee   0x080029ee   0x00000002   Code   RO            8    i.app_main          main.o
    0x080029f0   0x080029f0   0x0000007c   Code   RO         4993    i.evr_initialize    rtx_lib.o
    0x08002a6c   0x08002a6c   0x00000054   Code   RO            9    i.main              main.o
    0x08002ac0   0x08002ac0   0x00000030   Code   RO         4795    i.osKernelGetState  rtx_kernel.o
    0x08002af0   0x08002af0   0x00000030   Code   RO         4800    i.osKernelInitialize  rtx_kernel.o
    0x08002b20   0x08002b20   0x0000002c   Code   RO         4804    i.osKernelStart     rtx_kernel.o
    0x08002b4c   0x08002b4c   0x0000008c   Code   RO         5256    i.osMessageQueueGet  rtx_msgqueue.o
    0x08002bd8   0x08002bd8   0x00000038   Code   RO         5262    i.osMessageQueueNew  rtx_msgqueue.o
    0x08002c10   0x08002c10   0x00000098   Code   RO         5263    i.osMessageQueuePut  rtx_msgqueue.o
    0x08002ca8   0x08002ca8   0x00000002   Code   RO         6268    i.osRtxErrorNotify  rtx_config.o
    0x08002caa   0x08002caa   0x00000002   Code   RO         6269    i.osRtxIdleThread   rtx_config.o
    0x08002cac   0x08002cac   0x00000014   Code   RO         4994    i.osRtxKernelPreInit  rtx_lib.o
    0x08002cc0   0x08002cc0   0x00000080   Code   RO         5047    i.osRtxMemoryAlloc  rtx_memory.o
    0x08002d40   0x08002d40   0x00000048   Code   RO         5048    i.osRtxMemoryFree   rtx_memory.o
    0x08002d88   0x08002d88   0x0000003c   Code   RO         5049    i.osRtxMemoryInit   rtx_memory.o
    0x08002dc4   0x08002dc4   0x00000030   Code   RO         5104    i.osRtxMemoryPoolAlloc  rtx_mempool.o
    0x08002df4   0x08002df4   0x00000040   Code   RO         5105    i.osRtxMemoryPoolFree  rtx_mempool.o
    0x08002e34   0x08002e34   0x00000046   Code   RO         5106    i.osRtxMemoryPoolInit  rtx_mempool.o
    0x08002e7a   0x08002e7a   0x000000ec   Code   RO         5265    i.osRtxMessageQueuePostProcess  rtx_msgqueue.o
    0x08002f66   0x08002f66   0x00000056   Code   RO         5426    i.osRtxMutexOwnerRelease  rtx_mutex.o
    0x08002fbc   0x08002fbc   0x00000064   Code   RO         5641    i.osRtxPendSV_Handler  rtx_system.o
    0x08003020   0x08003020   0x00000050   Code   RO         5642    i.osRtxPostProcess  rtx_system.o
    0x08003070   0x08003070   0x00000034   Code   RO         5691    i.osRtxThreadBlock  rtx_thread.o
    0x080030a4   0x080030a4   0x0000005c   Code   RO         5692    i.osRtxThreadDelayInsert  rtx_thread.o
    0x08003100   0x08003100   0x00000048   Code   RO         5693    i.osRtxThreadDelayRemove  rtx_thread.o
    0x08003148   0x08003148   0x000000c0   Code   RO         5694    i.osRtxThreadDelayTick  rtx_thread.o
    0x08003208   0x08003208   0x0000005c   Code   RO         5695    i.osRtxThreadDispatch  rtx_thread.o
    0x08003264   0x08003264   0x00000054   Code   RO         5696    i.osRtxThreadFree   rtx_thread.o
    0x080032b8   0x080032b8   0x00000014   Code   RO         5697    i.osRtxThreadListGet  rtx_thread.o
    0x080032cc   0x080032cc   0x00000024   Code   RO         5698    i.osRtxThreadListPut  rtx_thread.o
    0x080032f0   0x080032f0   0x00000018   Code   RO         5699    i.osRtxThreadListRemove  rtx_thread.o
    0x08003308   0x08003308   0x0000000c   Code   RO         5700    i.osRtxThreadListRoot  rtx_thread.o
    0x08003314   0x08003314   0x00000038   Code   RO         5703    i.osRtxThreadPostProcess  rtx_thread.o
    0x0800334c   0x0800334c   0x00000010   Code   RO         5704    i.osRtxThreadReadyPut  rtx_thread.o
    0x0800335c   0x0800335c   0x00000014   Code   RO         5705    i.osRtxThreadRegPtr  rtx_thread.o
    0x08003370   0x08003370   0x00000028   Code   RO         5706    i.osRtxThreadStackCheck  rtx_thread.o
    0x08003398   0x08003398   0x0000003c   Code   RO         5707    i.osRtxThreadStartup  rtx_thread.o
    0x080033d4   0x080033d4   0x00000020   Code   RO         5708    i.osRtxThreadSwitch  rtx_thread.o
    0x080033f4   0x080033f4   0x00000040   Code   RO         5709    i.osRtxThreadWaitEnter  rtx_thread.o
    0x08003434   0x08003434   0x0000002e   Code   RO         5710    i.osRtxThreadWaitExit  rtx_thread.o
    0x08003462   0x08003462   0x00000002   PAD
    0x08003464   0x08003464   0x00000078   Code   RO         5643    i.osRtxTick_Handler  rtx_system.o
    0x080034dc   0x080034dc   0x00000048   Code   RO         6077    i.osRtxTimerThread  rtx_timer.o
    0x08003524   0x08003524   0x0000005c   Code   RO         6078    i.osRtxTimerTick    rtx_timer.o
    0x08003580   0x08003580   0x0000001c   Code   RO         5713    i.osThreadExit      rtx_thread.o
    0x0800359c   0x0800359c   0x00000038   Code   RO         5726    i.osThreadNew       rtx_thread.o
    0x080035d4   0x080035d4   0x0000000c   Code   RO         4809    i.svcRtxKernelGetState  rtx_kernel.o
    0x080035e0   0x080035e0   0x00000138   Code   RO         4814    i.svcRtxKernelInitialize  rtx_kernel.o
    0x08003718   0x08003718   0x000000a0   Code   RO         4818    i.svcRtxKernelStart  rtx_kernel.o
    0x080037b8   0x080037b8   0x0000010c   Code   RO         5267    i.svcRtxMessageQueueGet  rtx_msgqueue.o
    0x080038c4   0x080038c4   0x00000136   Code   RO         5273    i.svcRtxMessageQueueNew  rtx_msgqueue.o
    0x080039fa   0x080039fa   0x00000002   PAD
    0x080039fc   0x080039fc   0x000000f0   Code   RO         5274    i.svcRtxMessageQueuePut  rtx_msgqueue.o
    0x08003aec   0x08003aec   0x00000074   Code   RO         5734    i.svcRtxThreadExit  rtx_thread.o
    0x08003b60   0x08003b60   0x000001d2   Code   RO         5747    i.svcRtxThreadNew   rtx_thread.o
    0x08003d32   0x08003d32   0x00000002   PAD
    0x08003d34   0x08003d34   0x00000024   Data   RO         5003    .constdata          rtx_lib.o
    0x08003d58   0x08003d58   0x00000024   Data   RO         5004    .constdata          rtx_lib.o
    0x08003d7c   0x08003d7c   0x00000018   Data   RO         5005    .constdata          rtx_lib.o
    0x08003d94   0x08003d94   0x00000004   Data   RO         5006    .constdata          rtx_lib.o
    0x08003d98   0x08003d98   0x00000018   Data   RO         6315    .constdata          eventrecorder.o
    0x08003db0   0x08003db0   0x00000040   Data   RO         6426    .constdata          system_stm32l4xx.o
    0x08003df0   0x08003df0   0x00000008   Data   RO         6427    .constdata          system_stm32l4xx.o
    0x08003df8   0x08003df8   0x0000000b   Data   RO         4821    .conststrlit        rtx_kernel.o
    0x08003e03   0x08003e03   0x00000001   PAD
    0x08003e04   0x08003e04   0x000000a0   Data   RO         5008    .rodata             rtx_lib.o
    0x08003ea4   0x08003ea4   0x00000020   Data   RO         6490    Region$$Table       anon$$obj.o


    Execution Region RW_IRAM1 (Exec base: 0x20000000, Load base: 0x08003ec4, Size: 0x000018c8, Max: 0x0000f000, ABSOLUTE, COMPRESSED[0x0000003c])

    Exec Addr    Load Addr    Size         Type   Attr      Idx    E Section Name        Object

    0x20000000   COMPRESSED   0x00001000   Data   RW         4995    .bss.os             rtx_lib.o
    0x20001000   COMPRESSED   0x00000040   Data   RW         4996    .bss.os             rtx_lib.o
    0x20001040   COMPRESSED   0x00000034   Data   RW         4997    .bss.os.msgqueue.cb  rtx_lib.o
    0x20001074   COMPRESSED   0x00000050   Data   RW         4998    .bss.os.msgqueue.mem  rtx_lib.o
    0x200010c4   COMPRESSED   0x00000044   Data   RW         4999    .bss.os.thread.cb   rtx_lib.o
    0x20001108   COMPRESSED   0x00000044   Data   RW         5000    .bss.os.thread.cb   rtx_lib.o
    0x2000114c   COMPRESSED   0x00000004   PAD
    0x20001150   COMPRESSED   0x00000100   Data   RW         5001    .bss.os.thread.stack  rtx_lib.o
    0x20001250   COMPRESSED   0x00000100   Data   RW         5002    .bss.os.thread.stack  rtx_lib.o
    0x20001350   COMPRESSED   0x0000000c   Data   RW         1208    .data               stm32l4xx_hal.o
    0x2000135c   COMPRESSED   0x00000001   Data   RW         6203    .data               os_systick.o
    0x2000135d   COMPRESSED   0x00000003   PAD
    0x20001360   COMPRESSED   0x00000004   Data   RW         6428    .data               system_stm32l4xx.o
    0x20001364   COMPRESSED   0x000000a4   Data   RW         4822    .data.os            rtx_kernel.o
    0x20001408        -       0x000000c0   Zero   RW           10    .bss                main.o
    0x200014c8        -       0x00000400   Zero   RW         6414    STACK               startup_stm32l432xx_1.o


    Execution Region RW_IRAM2 (Exec base: 0x2000f000, Load base: 0x08003f00, Size: 0x000008a4, Max: 0x00001000, ABSOLUTE, UNINIT)

    Exec Addr    Load Addr    Size         Type   Attr      Idx    E Section Name        Object

    0x2000f000        -       0x000008a4   Zero   RW         6314    .bss.noinit         eventrecorder.o


==============================================================================

Image component sizes


      Code (inc. data)   RO Data    RW Data    ZI Data      Debug   Object Name

      1008         82         24          0       2212      18878   eventrecorder.o
       208         12          0          0          0        652   irq_cm4f.o
       434         30          0          0        192     659036   main.o
       118         20          0          1          0       2444   os_systick.o
         4          0          0          0          0       1033   rtx_config.o
         0          0          0          0          0       9759   rtx_delay.o
       810        232          0          0          0      40391   rtx_evr.o
       654         48         11        164          0      21761   rtx_kernel.o
       144          0        260       4940          0      10135   rtx_lib.o
       260          0          0          0          0       3611   rtx_memory.o
       510          0          0          0          0       4007   rtx_mempool.o
      1890         34          0          0          0      22516   rtx_msgqueue.o
        86          0          0          0          0       1493   rtx_mutex.o
       628         28          0          0          0       8857   rtx_system.o
      2080        106          0          0          0      26518   rtx_thread.o
       220         24          0          0          0       2823   rtx_timer.o
        36          8        396          0       1024        880   startup_stm32l432xx_1.o
       110         16          0         12          0       3211   stm32l4xx_hal.o
       172         14          0          0          0      33366   stm32l4xx_hal_cortex.o
       412         20          0          0          0       2468   stm32l4xx_hal_gpio.o
       236         20          0          0          0       2354   stm32l4xx_hal_msp.o
       120         20          0          0          0       1410   stm32l4xx_hal_pwr_ex.o
      1964         96          0          0          0       7084   stm32l4xx_hal_rcc.o
       966         36          0          0          0       3697   stm32l4xx_hal_rcc_ex.o
       582         24          0          0          0       5604   stm32l4xx_hal_tim.o
        88          6          0          0          0       1396   stm32l4xx_hal_tim_ex.o
      1054         58          0          0          0       5405   stm32l4xx_hal_uart.o
        68         12         72          4          0       1369   system_stm32l4xx.o

    ----------------------------------------------------------------------
     14886        946        796       5128       3428     902158   Object Totals
         0          0         32          0          0          0   (incl. Generated)
        24          0          1          7          0          0   (incl. Padding)

    ----------------------------------------------------------------------

      Code (inc. data)   RO Data    RW Data    ZI Data      Debug   Library Member Name

        58          0          0          0          0          0   __dczerorl.o
         0          0          0          0          0          0   entry.o
         0          0          0          0          0          0   entry10a.o
         0          0          0          0          0          0   entry11a.o
         8          4          0          0          0          0   entry2.o
         4          0          0          0          0          0   entry5.o
         0          0          0          0          0          0   entry7b.o
         0          0          0          0          0          0   entry8b.o
         8          4          0          0          0          0   entry9a.o
        30          0          0          0          0          0   handlers.o
        36          8          0          0          0         68   init.o
        30          0          0          0          0         68   llshl.o
        32          0          0          0          0         68   llushr.o
        36          0          0          0          0         68   memcpya.o
        36          0          0          0          0        108   memseta.o
       104          0          0          0          0         92   uldiv.o

    ----------------------------------------------------------------------
       386         16          0          0          0        472   Library Totals
         4          0          0          0          0          0   (incl. Padding)

    ----------------------------------------------------------------------

      Code (inc. data)   RO Data    RW Data    ZI Data      Debug   Library Name

       382         16          0          0          0        472   mc_w.l

    ----------------------------------------------------------------------
       386         16          0          0          0        472   Library Totals

    ----------------------------------------------------------------------

==============================================================================


      Code (inc. data)   RO Data    RW Data    ZI Data      Debug   

     15272        962        796       5128       3428     886658   Grand Totals
     15272        962        796         60       3428     886658   ELF Image Totals (compressed)
     15272        962        796         60          0          0   ROM Totals

==============================================================================

    Total RO  Size (Code + RO Data)                16068 (  15.69kB)
    Total RW  Size (RW Data + ZI Data)              8556 (   8.36kB)
    Total ROM Size (Code + RO Data + RW Data)      16128 (  15.75kB)

==============================================================================

